2024-08-14 20:47:42,682 - INFO - Next value of sequence usr_id_seq: 100003
2024-08-14 20:47:42,694 - INFO - Next value of sequence usr_id_seq: 100004
2024-08-14 20:47:42,707 - INFO - Next value of sequence usr_id_seq: 100005
2024-08-14 20:47:42,731 - INFO - Successfully inserted data into konghin.users.
2024-08-14 20:47:42,731 - INFO - Query: INSERT INTO konghin.users VALUES ('USR_100003','abcd@gmail.com', '1234567', 'abcd'),('USR_100004','efgh@gmail.com', 'abcdefg', 'efgh'),('USR_100005','ijkl@gmail.com', 'abcd1234', 'abcdefgh1234')
2024-08-14 20:48:07,775 - INFO - Next value of sequence usr_id_seq: 100006
2024-08-14 20:48:07,787 - INFO - Next value of sequence usr_id_seq: 100007
2024-08-14 20:48:07,797 - INFO - Next value of sequence usr_id_seq: 100008
2024-08-14 20:48:07,827 - INFO - Successfully inserted data into konghin.users.
2024-08-14 20:48:07,827 - INFO - Query: INSERT INTO konghin.users VALUES ('USR_100006','abcd@gmail.com', '1234567', 'abcd'),('USR_100007','efgh@gmail.com', 'abcdefg', 'efgh'),('USR_100008','ijkl@gmail.com', 'abcd1234', 'abcdefgh1234')
2024-08-14 20:49:14,351 - INFO - Next value of sequence usr_id_seq: 100009
2024-08-14 20:49:14,372 - INFO - Next value of sequence usr_id_seq: 100010
2024-08-14 20:49:14,390 - INFO - Next value of sequence usr_id_seq: 100011
2024-08-14 20:49:14,481 - INFO - Successfully inserted data into konghin.users.
2024-08-14 20:49:14,481 - INFO - Query: INSERT INTO konghin.users VALUES ('USR_100009','abcd@gmail.com', '1234567', 'abcd'),('USR_100010','efgh@gmail.com', 'abcdefg', 'efgh'),('USR_100011','ijkl@gmail.com', 'abcd1234', 'abcdefgh1234')
2024-08-14 20:50:52,582 - INFO - Next value of sequence usr_id_seq: 100012
2024-08-14 20:50:52,592 - INFO - Next value of sequence usr_id_seq: 100013
2024-08-14 20:50:52,602 - INFO - Next value of sequence usr_id_seq: 100014
2024-08-14 20:50:52,623 - INFO - Successfully inserted data into konghin.users.
2024-08-14 20:50:52,624 - INFO - Query: INSERT INTO konghin.users VALUES ('USR_100012','abcd@gmail.com', '1234567.0', 'abcd'),('USR_100013','efgh@gmail.com', null, null),('USR_100014','ijkl@gmail.com', null, null)
2024-08-14 20:50:52,649 - INFO - Next value of sequence usr_id_seq: 100015
2024-08-14 20:50:52,661 - INFO - Next value of sequence usr_id_seq: 100016
2024-08-14 20:50:52,680 - INFO - Next value of sequence usr_id_seq: 100017
2024-08-14 20:50:52,696 - INFO - Next value of sequence usr_id_seq: 100018
2024-08-14 20:50:52,705 - INFO - Next value of sequence usr_id_seq: 100019
2024-08-14 20:50:52,717 - INFO - Next value of sequence usr_id_seq: 100020
2024-08-14 20:50:52,754 - INFO - Successfully inserted data into konghin.users.
2024-08-14 20:50:52,754 - INFO - Query: INSERT INTO konghin.users VALUES ('USR_100015','abcd@gmail.com', '1234567.0', 'abcd'),('USR_100016','efgh@gmail.com', null, null),('USR_100017','ijkl@gmail.com', null, null),('USR_100018','abcd@gmail.com', '1234567', 'abcd'),('USR_100019','efgh@gmail.com', 'abcdefg', 'efgh'),('USR_100020','ijkl@gmail.com', 'abcd1234', 'abcdefgh1234')
2024-08-14 21:01:07,497 - ERROR - Table not found. Please ensure u entered correct table name.
2024-08-14 21:01:25,862 - ERROR - Table not found. Please ensure u entered correct table name.
2024-08-14 21:01:42,594 - ERROR - Table not found. Please ensure u entered correct table name.
2024-08-14 21:27:47,084 - ERROR - Table not found. Please ensure u entered correct table name.
2024-08-14 21:28:30,657 - INFO - Next value of sequence stk_id_seq: 100001
2024-08-14 21:28:30,669 - INFO - Next value of sequence stk_id_seq: 100002
2024-08-14 21:28:30,690 - INFO - Next value of sequence stk_id_seq: 100003
2024-08-14 21:28:30,706 - INFO - Next value of sequence stk_id_seq: 100004
2024-08-14 21:28:30,728 - INFO - Successfully inserted data into konghin.stock.
2024-08-14 21:28:30,729 - INFO - Query: INSERT INTO konghin.stock VALUES ('STK_100001','Bracelet', '12.8', '14.5', null, '120', null, '1/1/2024', null, '345', null, 'IN STOCK', null, 'cartier', '916'),('STK_100002','Necklace', '23.45', null, '60.0', '150', null, '2/1/2024', null, '340', null, 'IN STOCK', null, 'candy', '916'),('STK_100003','Ring', '5.2', '7.0', null, '80', null, '3/15/2024', null, '150', null, 'IN STOCK', null, 'diamond', '916'),('STK_100004','Earrings', '4.8', '10.0', null, '90', null, '3/25/2024', null, '120', null, 'IN STOCK', null, 'hoop', '916')
2024-08-14 21:28:30,742 - INFO - Next value of sequence stk_id_seq: 100005
2024-08-14 21:28:30,752 - INFO - Next value of sequence stk_id_seq: 100006
2024-08-14 21:28:30,762 - INFO - Next value of sequence stk_id_seq: 100007
2024-08-14 21:28:30,780 - INFO - Successfully inserted data into konghin.stock.
2024-08-14 21:28:30,780 - INFO - Query: INSERT INTO konghin.stock VALUES ('STK_100005','Bracelet', '15.6', '16.0', null, '140', '180.0', '4/1/2024', '4/15/2024', '370', '360.0', 'SOLD', '-116.0', 'classic', '916'),('STK_100006','Necklace', '30.0', null, '70.0', '180', null, '4/10/2024', null, '400', null, 'IN STOCK', null, 'rope', '916'),('STK_100007','Ring', '3.5', '5.5', null, '70', null, '4/20/2024', null, '140', null, 'IN STOCK', null, 'solitaire', '916')
2024-08-14 21:28:30,798 - INFO - Next value of sequence stk_id_seq: 100008
2024-08-14 21:28:30,810 - INFO - Next value of sequence stk_id_seq: 100009
2024-08-14 21:28:30,823 - INFO - Next value of sequence stk_id_seq: 100010
2024-08-14 21:28:30,843 - INFO - Successfully inserted data into konghin.stock.
2024-08-14 21:28:30,843 - INFO - Query: INSERT INTO konghin.stock VALUES ('STK_100008','Earrings', '6.3', '12.0', null, '100', '120.0', '4/30/2024', '5/30/2024', '160', '170.0', 'SOLD', '30.0', 'drop', '916'),('STK_100009','Pendant', '7.5', null, '25.0', '110', null, '5/1/2024', null, '175', null, 'IN STOCK', null, 'heart', '916'),('STK_100010','Bangle', '14.9', '15.0', null, '135', null, '5/10/2024', null, '320', null, 'IN STOCK', null, 'twisted', '916')
2024-08-14 21:28:30,856 - INFO - Next value of sequence stk_id_seq: 100011
2024-08-14 21:28:30,865 - INFO - Next value of sequence stk_id_seq: 100012
2024-08-14 21:28:30,873 - INFO - Next value of sequence stk_id_seq: 100013
2024-08-14 21:28:30,882 - INFO - Next value of sequence stk_id_seq: 100014
2024-08-14 21:28:30,905 - INFO - Successfully inserted data into konghin.stock.
2024-08-14 21:28:30,905 - INFO - Query: INSERT INTO konghin.stock VALUES ('STK_100011','Chain', '25.0', null, '65.0', '175', null, '5/20/2024', null, '390', null, 'IN STOCK', null, 'snake', '916'),('STK_100012','Ring', '4.1', '6.5', null, '85', '120.0', '5/30/2024', '6/25/2024', '155', '200.0', 'SOLD', '20.0', 'eternity', '916'),('STK_100013','Anklet', '12.3', '14.0', null, '120', null, '6/5/2024', null, '345', null, 'IN STOCK', null, 'beaded', '916'),('STK_100014','Necklace', '35.0', null, '75.0', '200', null, '6/15/2024', null, '420', null, 'IN STOCK', null, 'twisted', '916')
2024-08-14 21:28:30,922 - INFO - Next value of sequence stk_id_seq: 100015
2024-08-14 21:28:30,931 - INFO - Next value of sequence stk_id_seq: 100016
2024-08-14 21:28:30,940 - INFO - Next value of sequence stk_id_seq: 100017
2024-08-14 21:28:30,965 - INFO - Successfully inserted data into konghin.stock.
2024-08-14 21:28:30,965 - INFO - Query: INSERT INTO konghin.stock VALUES ('STK_100015','Ring', '2.9', '5.0', null, '65', '80.0', '6/25/2024', '7/31/2024', '130', '300.0', 'SOLD', '15.0', 'infinity', '916'),('STK_100016','Bracelet', '13.2', '15.0', null, '125', null, '7/1/2024', null, '350', null, 'IN STOCK', null, 'charm', '916'),('STK_100017','Pendant', '8.0', null, '28.0', '115', null, '7/10/2024', null, '180', null, 'IN STOCK', null, 'floral', '916')
2024-08-14 21:28:30,991 - INFO - Next value of sequence usr_id_seq: 100021
2024-08-14 21:28:30,999 - INFO - Next value of sequence usr_id_seq: 100022
2024-08-14 21:28:31,010 - INFO - Next value of sequence usr_id_seq: 100023
2024-08-14 21:28:31,060 - ERROR - Query: INSERT INTO konghin.users VALUES ('USR_100021','Earrings', '7.1', '12.5', null, '105', '120.0', '7/20/2024', '8/1/2024', '165', '220.0', 'SOLD', '35.0', 'stud', '916'),('USR_100022','Bangle', '16.8', '16.5', null, '145', null, '7/30/2024', null, '375', null, 'IN STOCK', null, 'engraved', '916'),('USR_100023','Chain', '27.0', null, '70.0', '185', null, '8/1/2024', null, '400', null, 'IN STOCK', null, 'cable', '916')
2024-08-14 21:28:31,061 - ERROR - Database error: 42601 - ERROR:  INSERT has more expressions than target columns, 15 expressions for 4 targets

2024-08-14 21:28:31,061 - ERROR - Error details: None
2024-08-14 21:30:15,756 - INFO - Successfully selected data from konghin.stock.
2024-08-14 21:30:15,756 - INFO - Query: SELECT * FROM "konghin"."stock"
2024-08-14 21:30:15,757 - INFO - Results: [('STK_100001', 'Bracelet', Decimal('12.8'), Decimal('14.5'), None, Decimal('120'), None, datetime.date(2024, 1, 1), None, Decimal('345'), None, 'IN STOCK', None, 'cartier', '916'), ('STK_100002', 'Necklace', Decimal('23.45'), None, Decimal('60.0'), Decimal('150'), None, datetime.date(2024, 2, 1), None, Decimal('340'), None, 'IN STOCK', None, 'candy', '916'), ('STK_100003', 'Ring', Decimal('5.2'), Decimal('7.0'), None, Decimal('80'), None, datetime.date(2024, 3, 15), None, Decimal('150'), None, 'IN STOCK', None, 'diamond', '916'), ('STK_100004', 'Earrings', Decimal('4.8'), Decimal('10.0'), None, Decimal('90'), None, datetime.date(2024, 3, 25), None, Decimal('120'), None, 'IN STOCK', None, 'hoop', '916'), ('STK_100005', 'Bracelet', Decimal('15.6'), Decimal('16.0'), None, Decimal('140'), Decimal('180.0'), datetime.date(2024, 4, 1), datetime.date(2024, 4, 15), Decimal('370'), Decimal('360.0'), 'SOLD', Decimal('-116.0'), 'classic', '916'), ('STK_100006', 'Necklace', Decimal('30.0'), None, Decimal('70.0'), Decimal('180'), None, datetime.date(2024, 4, 10), None, Decimal('400'), None, 'IN STOCK', None, 'rope', '916'), ('STK_100007', 'Ring', Decimal('3.5'), Decimal('5.5'), None, Decimal('70'), None, datetime.date(2024, 4, 20), None, Decimal('140'), None, 'IN STOCK', None, 'solitaire', '916'), ('STK_100008', 'Earrings', Decimal('6.3'), Decimal('12.0'), None, Decimal('100'), Decimal('120.0'), datetime.date(2024, 4, 30), datetime.date(2024, 5, 30), Decimal('160'), Decimal('170.0'), 'SOLD', Decimal('30.0'), 'drop', '916'), ('STK_100009', 'Pendant', Decimal('7.5'), None, Decimal('25.0'), Decimal('110'), None, datetime.date(2024, 5, 1), None, Decimal('175'), None, 'IN STOCK', None, 'heart', '916'), ('STK_100010', 'Bangle', Decimal('14.9'), Decimal('15.0'), None, Decimal('135'), None, datetime.date(2024, 5, 10), None, Decimal('320'), None, 'IN STOCK', None, 'twisted', '916'), ('STK_100011', 'Chain', Decimal('25.0'), None, Decimal('65.0'), Decimal('175'), None, datetime.date(2024, 5, 20), None, Decimal('390'), None, 'IN STOCK', None, 'snake', '916'), ('STK_100012', 'Ring', Decimal('4.1'), Decimal('6.5'), None, Decimal('85'), Decimal('120.0'), datetime.date(2024, 5, 30), datetime.date(2024, 6, 25), Decimal('155'), Decimal('200.0'), 'SOLD', Decimal('20.0'), 'eternity', '916'), ('STK_100013', 'Anklet', Decimal('12.3'), Decimal('14.0'), None, Decimal('120'), None, datetime.date(2024, 6, 5), None, Decimal('345'), None, 'IN STOCK', None, 'beaded', '916'), ('STK_100014', 'Necklace', Decimal('35.0'), None, Decimal('75.0'), Decimal('200'), None, datetime.date(2024, 6, 15), None, Decimal('420'), None, 'IN STOCK', None, 'twisted', '916'), ('STK_100015', 'Ring', Decimal('2.9'), Decimal('5.0'), None, Decimal('65'), Decimal('80.0'), datetime.date(2024, 6, 25), datetime.date(2024, 7, 31), Decimal('130'), Decimal('300.0'), 'SOLD', Decimal('15.0'), 'infinity', '916'), ('STK_100016', 'Bracelet', Decimal('13.2'), Decimal('15.0'), None, Decimal('125'), None, datetime.date(2024, 7, 1), None, Decimal('350'), None, 'IN STOCK', None, 'charm', '916'), ('STK_100017', 'Pendant', Decimal('8.0'), None, Decimal('28.0'), Decimal('115'), None, datetime.date(2024, 7, 10), None, Decimal('180'), None, 'IN STOCK', None, 'floral', '916')]
2024-08-14 21:31:09,428 - INFO - Successfully selected data from konghin.stock.
2024-08-14 21:31:09,428 - INFO - Query: SELECT * FROM "konghin"."stock"
2024-08-14 21:31:09,429 - INFO - Results: [('STK_100001', 'Bracelet', Decimal('12.8'), Decimal('14.5'), None, Decimal('120'), None, datetime.date(2024, 1, 1), None, Decimal('345'), None, 'IN STOCK', None, 'cartier', '916'), ('STK_100002', 'Necklace', Decimal('23.45'), None, Decimal('60.0'), Decimal('150'), None, datetime.date(2024, 2, 1), None, Decimal('340'), None, 'IN STOCK', None, 'candy', '916'), ('STK_100003', 'Ring', Decimal('5.2'), Decimal('7.0'), None, Decimal('80'), None, datetime.date(2024, 3, 15), None, Decimal('150'), None, 'IN STOCK', None, 'diamond', '916'), ('STK_100004', 'Earrings', Decimal('4.8'), Decimal('10.0'), None, Decimal('90'), None, datetime.date(2024, 3, 25), None, Decimal('120'), None, 'IN STOCK', None, 'hoop', '916'), ('STK_100005', 'Bracelet', Decimal('15.6'), Decimal('16.0'), None, Decimal('140'), Decimal('180.0'), datetime.date(2024, 4, 1), datetime.date(2024, 4, 15), Decimal('370'), Decimal('360.0'), 'SOLD', Decimal('-116.0'), 'classic', '916'), ('STK_100006', 'Necklace', Decimal('30.0'), None, Decimal('70.0'), Decimal('180'), None, datetime.date(2024, 4, 10), None, Decimal('400'), None, 'IN STOCK', None, 'rope', '916'), ('STK_100007', 'Ring', Decimal('3.5'), Decimal('5.5'), None, Decimal('70'), None, datetime.date(2024, 4, 20), None, Decimal('140'), None, 'IN STOCK', None, 'solitaire', '916'), ('STK_100008', 'Earrings', Decimal('6.3'), Decimal('12.0'), None, Decimal('100'), Decimal('120.0'), datetime.date(2024, 4, 30), datetime.date(2024, 5, 30), Decimal('160'), Decimal('170.0'), 'SOLD', Decimal('30.0'), 'drop', '916'), ('STK_100009', 'Pendant', Decimal('7.5'), None, Decimal('25.0'), Decimal('110'), None, datetime.date(2024, 5, 1), None, Decimal('175'), None, 'IN STOCK', None, 'heart', '916'), ('STK_100010', 'Bangle', Decimal('14.9'), Decimal('15.0'), None, Decimal('135'), None, datetime.date(2024, 5, 10), None, Decimal('320'), None, 'IN STOCK', None, 'twisted', '916'), ('STK_100011', 'Chain', Decimal('25.0'), None, Decimal('65.0'), Decimal('175'), None, datetime.date(2024, 5, 20), None, Decimal('390'), None, 'IN STOCK', None, 'snake', '916'), ('STK_100012', 'Ring', Decimal('4.1'), Decimal('6.5'), None, Decimal('85'), Decimal('120.0'), datetime.date(2024, 5, 30), datetime.date(2024, 6, 25), Decimal('155'), Decimal('200.0'), 'SOLD', Decimal('20.0'), 'eternity', '916'), ('STK_100013', 'Anklet', Decimal('12.3'), Decimal('14.0'), None, Decimal('120'), None, datetime.date(2024, 6, 5), None, Decimal('345'), None, 'IN STOCK', None, 'beaded', '916'), ('STK_100014', 'Necklace', Decimal('35.0'), None, Decimal('75.0'), Decimal('200'), None, datetime.date(2024, 6, 15), None, Decimal('420'), None, 'IN STOCK', None, 'twisted', '916'), ('STK_100015', 'Ring', Decimal('2.9'), Decimal('5.0'), None, Decimal('65'), Decimal('80.0'), datetime.date(2024, 6, 25), datetime.date(2024, 7, 31), Decimal('130'), Decimal('300.0'), 'SOLD', Decimal('15.0'), 'infinity', '916'), ('STK_100016', 'Bracelet', Decimal('13.2'), Decimal('15.0'), None, Decimal('125'), None, datetime.date(2024, 7, 1), None, Decimal('350'), None, 'IN STOCK', None, 'charm', '916'), ('STK_100017', 'Pendant', Decimal('8.0'), None, Decimal('28.0'), Decimal('115'), None, datetime.date(2024, 7, 10), None, Decimal('180'), None, 'IN STOCK', None, 'floral', '916')]
2024-08-14 21:31:45,460 - INFO - Successfully selected data from konghin.stock.
2024-08-14 21:31:45,460 - INFO - Query: SELECT * FROM "konghin"."stock"
2024-08-14 21:32:20,191 - INFO - Successfully selected data from konghin.stock.
2024-08-14 21:32:20,192 - INFO - Query: SELECT * FROM "konghin"."stock"
