2024-12-05 21:45:17,924 - INFO - Successfully selected data from konghin.metadata.
2024-12-05 21:45:17,924 - INFO - Query: SELECT "metadata_value" FROM "konghin"."metadata" WHERE metadata_key='barcode_header'
2024-12-05 21:45:18,111 - INFO - Next value of sequence stk_id_seq: 100002
2024-12-05 22:17:56,214 - INFO - Successfully selected data from konghin.metadata.
2024-12-05 22:17:56,216 - INFO - Query: SELECT "metadata_value" FROM "konghin"."metadata" WHERE metadata_key='barcode_header'
2024-12-05 22:17:56,335 - INFO - Successfully selected data from konghin.metadata.
2024-12-05 22:17:56,335 - INFO - Query: SELECT "metadata_value" FROM "konghin"."metadata" WHERE metadata_key='unique_key'
2024-12-05 22:22:12,207 - INFO - Successfully selected data from konghin.metadata.
2024-12-05 22:22:12,207 - INFO - Query: SELECT "metadata_value" FROM "konghin"."metadata" WHERE metadata_key='barcode_header'
2024-12-05 22:22:12,253 - INFO - Successfully selected data from konghin.metadata.
2024-12-05 22:22:12,253 - INFO - Query: SELECT "metadata_value" FROM "konghin"."metadata" WHERE metadata_key='unique_key'
2024-12-05 22:29:06,428 - INFO - Successfully selected data from konghin.metadata.
2024-12-05 22:29:06,442 - INFO - Query: SELECT "metadata_value" FROM "konghin"."metadata" WHERE metadata_key='barcode_header'
2024-12-05 22:29:06,570 - INFO - Successfully selected data from konghin.metadata.
2024-12-05 22:29:06,570 - INFO - Query: SELECT "metadata_value" FROM "konghin"."metadata" WHERE metadata_key='unique_key'
2024-12-05 22:29:59,262 - INFO - Successfully selected data from konghin.metadata.
2024-12-05 22:29:59,262 - INFO - Query: SELECT "metadata_value" FROM "konghin"."metadata" WHERE metadata_key='unique_key'
2024-12-05 22:29:59,384 - ERROR - Query: UPDATE "konghin"."metadata" SET "metadata_value" = %s, "none_last_update" = %s WHERE metadata_key='barcode_header'
2024-12-05 22:29:59,384 - ERROR - Database error: 42703 - ERROR:  column "none_last_update" does not exist

2024-12-05 22:29:59,384 - ERROR - Error details: None
2024-12-05 22:29:59,778 - INFO - Successfully selected data from konghin.metadata.
2024-12-05 22:29:59,778 - INFO - Query: SELECT "metadata_value" FROM "konghin"."metadata" WHERE metadata_key='barcode_header'
2024-12-05 22:29:59,900 - INFO - Successfully selected data from konghin.metadata.
2024-12-05 22:29:59,900 - INFO - Query: SELECT "metadata_value" FROM "konghin"."metadata" WHERE metadata_key='unique_key'
2024-12-05 22:30:56,797 - INFO - Successfully selected data from konghin.metadata.
2024-12-05 22:30:56,797 - INFO - Query: SELECT "metadata_value" FROM "konghin"."metadata" WHERE metadata_key='unique_key'
2024-12-05 22:30:56,846 - ERROR - Query: UPDATE "konghin"."metadata" SET "metadata_value" = %s, "none_last_update" = %s WHERE metadata_key='unique_key'
2024-12-05 22:30:56,846 - ERROR - Database error: 42703 - ERROR:  column "none_last_update" does not exist

2024-12-05 22:30:56,846 - ERROR - Error details: None
2024-12-05 22:30:57,232 - INFO - Successfully selected data from konghin.metadata.
2024-12-05 22:30:57,232 - INFO - Query: SELECT "metadata_value" FROM "konghin"."metadata" WHERE metadata_key='barcode_header'
2024-12-05 22:30:57,358 - INFO - Successfully selected data from konghin.metadata.
2024-12-05 22:30:57,358 - INFO - Query: SELECT "metadata_value" FROM "konghin"."metadata" WHERE metadata_key='unique_key'
2024-12-05 22:31:40,959 - INFO - Successfully selected data from konghin.metadata.
2024-12-05 22:31:40,959 - INFO - Query: SELECT "metadata_value" FROM "konghin"."metadata" WHERE metadata_key='unique_key'
2024-12-05 22:31:41,112 - ERROR - Query: UPDATE "konghin"."metadata" SET "metadata_value" = %s, "none_last_update" = %s WHERE metadata_key='unique_key'
2024-12-05 22:31:41,113 - ERROR - Database error: 42703 - ERROR:  column "none_last_update" does not exist

2024-12-05 22:31:41,113 - ERROR - Error details: None
2024-12-05 22:31:41,590 - INFO - Successfully selected data from konghin.metadata.
2024-12-05 22:31:41,590 - INFO - Query: SELECT "metadata_value" FROM "konghin"."metadata" WHERE metadata_key='barcode_header'
2024-12-05 22:31:41,628 - INFO - Successfully selected data from konghin.metadata.
2024-12-05 22:31:41,629 - INFO - Query: SELECT "metadata_value" FROM "konghin"."metadata" WHERE metadata_key='unique_key'
2024-12-05 22:32:24,415 - INFO - Successfully selected data from konghin.metadata.
2024-12-05 22:32:24,415 - INFO - Query: SELECT "metadata_value" FROM "konghin"."metadata" WHERE metadata_key='unique_key'
2024-12-05 22:32:24,550 - ERROR - Query: UPDATE "konghin"."metadata" SET "metadata_value" = %s, "none_last_update" = %s WHERE metadata_key='unique_key'
2024-12-05 22:32:24,551 - ERROR - Database error: 42703 - ERROR:  column "none_last_update" does not exist

2024-12-05 22:32:24,551 - ERROR - Error details: None
2024-12-05 22:32:24,748 - INFO - Successfully selected data from konghin.metadata.
2024-12-05 22:32:24,748 - INFO - Query: SELECT "metadata_value" FROM "konghin"."metadata" WHERE metadata_key='barcode_header'
2024-12-05 22:32:24,821 - INFO - Successfully selected data from konghin.metadata.
2024-12-05 22:32:24,821 - INFO - Query: SELECT "metadata_value" FROM "konghin"."metadata" WHERE metadata_key='unique_key'
2024-12-05 22:34:46,992 - INFO - Successfully selected data from konghin.metadata.
2024-12-05 22:34:46,993 - INFO - Query: SELECT "metadata_value" FROM "konghin"."metadata" WHERE metadata_key='unique_key'
2024-12-05 22:34:47,081 - ERROR - Query: UPDATE "konghin"."metadata" SET "metadata_value" = %s, "none_last_update" = %s WHERE metadata_key='unique_key'
2024-12-05 22:34:47,081 - ERROR - Database error: 42703 - ERROR:  column "none_last_update" does not exist

2024-12-05 22:34:47,081 - ERROR - Error details: None
2024-12-05 22:39:20,098 - INFO - Successfully selected data from konghin.metadata.
2024-12-05 22:39:20,098 - INFO - Query: SELECT "metadata_value" FROM "konghin"."metadata" WHERE metadata_key='unique_key'
2024-12-05 22:39:20,215 - ERROR - Query: UPDATE "konghin"."metadata" SET "metadata_value" = %s, "none_last_update" = %s WHERE metadata_key='unique_key'
2024-12-05 22:39:20,216 - ERROR - Database error: 42703 - ERROR:  column "none_last_update" does not exist

2024-12-05 22:39:20,216 - ERROR - Error details: None
2024-12-05 22:42:44,217 - INFO - Successfully selected data from konghin.metadata.
2024-12-05 22:42:44,217 - INFO - Query: SELECT "metadata_value" FROM "konghin"."metadata" WHERE metadata_key='unique_key'
2024-12-05 22:42:44,468 - INFO - Successfully updated data in konghin.metadata.
2024-12-05 22:42:44,468 - INFO - Query: UPDATE "konghin"."metadata" SET "metadata_value" = %s WHERE metadata_key='unique_key'
2024-12-05 22:42:44,468 - INFO - Values: ['0999']
2024-12-05 22:43:02,995 - INFO - Successfully selected data from konghin.metadata.
2024-12-05 22:43:02,995 - INFO - Query: SELECT "metadata_value" FROM "konghin"."metadata" WHERE metadata_key='unique_key'
2024-12-05 22:43:03,260 - INFO - Successfully updated data in konghin.metadata.
2024-12-05 22:43:03,260 - INFO - Query: UPDATE "konghin"."metadata" SET "metadata_value" = %s WHERE metadata_key='unique_key'
2024-12-05 22:43:03,260 - INFO - Values: ['1110']
2024-12-05 22:43:15,324 - INFO - Successfully selected data from konghin.metadata.
2024-12-05 22:43:15,324 - INFO - Query: SELECT "metadata_value" FROM "konghin"."metadata" WHERE metadata_key='unique_key'
2024-12-05 22:43:15,591 - INFO - Successfully updated data in konghin.metadata.
2024-12-05 22:43:15,591 - INFO - Query: UPDATE "konghin"."metadata" SET "metadata_value" = %s WHERE metadata_key='unique_key'
2024-12-05 22:43:15,591 - INFO - Values: ['1110']
2024-12-05 22:43:30,795 - INFO - Successfully selected data from konghin.metadata.
2024-12-05 22:43:30,797 - INFO - Query: SELECT "metadata_value" FROM "konghin"."metadata" WHERE metadata_key='unique_key'
2024-12-05 22:43:31,010 - INFO - Successfully updated data in konghin.metadata.
2024-12-05 22:43:31,010 - INFO - Query: UPDATE "konghin"."metadata" SET "metadata_value" = %s WHERE metadata_key='unique_key'
2024-12-05 22:43:31,010 - INFO - Values: ['1111']
2024-12-05 22:44:23,747 - INFO - Successfully selected data from konghin.metadata.
2024-12-05 22:44:23,747 - INFO - Query: SELECT "metadata_value" FROM "konghin"."metadata" WHERE metadata_key='unique_key'
2024-12-05 22:44:23,996 - INFO - Successfully updated data in konghin.metadata.
2024-12-05 22:44:23,996 - INFO - Query: UPDATE "konghin"."metadata" SET "metadata_value" = %s WHERE metadata_key='unique_key'
2024-12-05 22:44:23,996 - INFO - Values: ['0001']
2024-12-05 22:44:42,850 - INFO - Successfully selected data from konghin.metadata.
2024-12-05 22:44:42,850 - INFO - Query: SELECT "metadata_value" FROM "konghin"."metadata" WHERE metadata_key='barcode_header'
2024-12-05 22:44:42,897 - INFO - Successfully selected data from konghin.metadata.
2024-12-05 22:44:42,897 - INFO - Query: SELECT "metadata_value" FROM "konghin"."metadata" WHERE metadata_key='unique_key'
2024-12-05 22:44:42,997 - INFO - Successfully selected data from konghin.metadata.
2024-12-05 22:44:42,997 - INFO - Query: SELECT "metadata_value" FROM "konghin"."metadata" WHERE metadata_key='unique_key'
2024-12-05 22:44:43,213 - INFO - Successfully updated data in konghin.metadata.
2024-12-05 22:44:43,213 - INFO - Query: UPDATE "konghin"."metadata" SET "metadata_value" = %s WHERE metadata_key='unique_key'
2024-12-05 22:44:43,213 - INFO - Values: ['0002']
2024-12-05 23:34:15,562 - INFO - [31m[1mWARNING: This is a development server. Do not use it in a production deployment. Use a production WSGI server instead.[0m
 * Running on http://127.0.0.1:5000
2024-12-05 23:34:15,562 - INFO - [33mPress CTRL+C to quit[0m
2024-12-05 23:34:15,563 - INFO -  * Restarting with stat
2024-12-05 23:34:21,667 - WARNING -  * Debugger is active!
2024-12-05 23:34:21,673 - INFO -  * Debugger PIN: 310-690-463
2024-12-05 23:34:30,589 - INFO - 127.0.0.1 - - [05/Dec/2024 23:34:30] "GET / HTTP/1.1" 200 -
2024-12-05 23:34:30,923 - INFO - 127.0.0.1 - - [05/Dec/2024 23:34:30] "GET /static/css/bootstrap/login_style.css HTTP/1.1" 200 -
2024-12-05 23:34:32,765 - INFO - 127.0.0.1 - - [05/Dec/2024 23:34:32] "[33mGET /favicon.ico HTTP/1.1[0m" 404 -
2024-12-05 23:34:43,341 - INFO - kjunqiang@gmail.com successfully login at 2024-12-05 23:34:43.341567
2024-12-05 23:34:43,632 - INFO - Successfully selected data from konghin.stock.
2024-12-05 23:34:43,632 - INFO - Query: SELECT * FROM "konghin"."stock"
2024-12-05 23:34:43,726 - INFO - 127.0.0.1 - - [05/Dec/2024 23:34:43] "POST /login HTTP/1.1" 200 -
2024-12-05 23:34:43,762 - INFO - 127.0.0.1 - - [05/Dec/2024 23:34:43] "[33mGET /static/js/datatables-demo.js HTTP/1.1[0m" 404 -
2024-12-05 23:34:43,763 - INFO - 127.0.0.1 - - [05/Dec/2024 23:34:43] "[33mGET /static/js/script.js HTTP/1.1[0m" 404 -
2024-12-05 23:34:43,763 - INFO - 127.0.0.1 - - [05/Dec/2024 23:34:43] "[33mGET /static/js/bootstrap/scripts.js HTTP/1.1[0m" 404 -
2024-12-05 23:34:43,764 - INFO - 127.0.0.1 - - [05/Dec/2024 23:34:43] "GET /static/css/bootstrap/styles.css HTTP/1.1" 200 -
2024-12-05 23:34:50,605 - INFO - Successfully selected data from konghin.sale.
2024-12-05 23:34:50,605 - INFO - Query: SELECT * FROM "konghin"."sale"
2024-12-05 23:34:50,655 - INFO - 127.0.0.1 - - [05/Dec/2024 23:34:50] "GET /sales HTTP/1.1" 200 -
2024-12-05 23:34:50,680 - INFO - 127.0.0.1 - - [05/Dec/2024 23:34:50] "[36mGET /static/css/bootstrap/styles.css HTTP/1.1[0m" 304 -
2024-12-05 23:34:50,685 - INFO - 127.0.0.1 - - [05/Dec/2024 23:34:50] "[33mGET /static/js/bootstrap/scripts.js HTTP/1.1[0m" 404 -
2024-12-05 23:34:50,687 - INFO - 127.0.0.1 - - [05/Dec/2024 23:34:50] "[33mGET /static/js/datatables-demo.js HTTP/1.1[0m" 404 -
2024-12-05 23:34:50,689 - INFO - 127.0.0.1 - - [05/Dec/2024 23:34:50] "[33mGET /static/js/script.js HTTP/1.1[0m" 404 -
2024-12-05 23:34:51,825 - INFO - Successfully selected data from konghin.customer.
2024-12-05 23:34:51,825 - INFO - Query: SELECT * FROM "konghin"."customer"
2024-12-05 23:34:51,848 - INFO - 127.0.0.1 - - [05/Dec/2024 23:34:51] "GET /add-sales HTTP/1.1" 200 -
2024-12-05 23:34:51,872 - INFO - 127.0.0.1 - - [05/Dec/2024 23:34:51] "[36mGET /static/css/bootstrap/styles.css HTTP/1.1[0m" 304 -
2024-12-05 23:34:51,879 - INFO - 127.0.0.1 - - [05/Dec/2024 23:34:51] "[33mGET /static/js/bootstrap/scripts.js HTTP/1.1[0m" 404 -
2024-12-05 23:34:51,881 - INFO - 127.0.0.1 - - [05/Dec/2024 23:34:51] "[33mGET /static/js/datatables-demo.js HTTP/1.1[0m" 404 -
2024-12-05 23:34:51,886 - INFO - 127.0.0.1 - - [05/Dec/2024 23:34:51] "[33mGET /static/js/script.js HTTP/1.1[0m" 404 -
