2025-02-20 21:30:37,081 - INFO - [31m[1mWARNING: This is a development server. Do not use it in a production deployment. Use a production WSGI server instead.[0m
 * Running on http://127.0.0.1:5000
2025-02-20 21:30:37,081 - INFO - [33mPress CTRL+C to quit[0m
2025-02-20 21:30:37,082 - INFO -  * Restarting with stat
2025-02-20 21:30:37,753 - WARNING -  * Debugger is active!
2025-02-20 21:30:37,753 - INFO -  * Debugger PIN: 310-690-463
2025-02-20 21:30:40,795 - INFO - 127.0.0.1 - - [20/Feb/2025 21:30:40] "GET / HTTP/1.1" 200 -
2025-02-20 21:30:40,924 - INFO - 127.0.0.1 - - [20/Feb/2025 21:30:40] "[36mGET /static/css/bootstrap/login_style.css HTTP/1.1[0m" 304 -
2025-02-20 21:30:40,940 - INFO - 127.0.0.1 - - [20/Feb/2025 21:30:40] "[33mGET /favicon.ico HTTP/1.1[0m" 404 -
2025-02-20 21:30:45,831 - INFO - kjunqiang@gmail.com successfully login at 2025-02-20 21:30:45.831327
2025-02-20 21:30:45,888 - INFO - Successfully selected data from konghin.stock.
2025-02-20 21:30:45,888 - INFO - Query: SELECT * FROM "konghin"."stock"
2025-02-20 21:30:45,957 - INFO - 127.0.0.1 - - [20/Feb/2025 21:30:45] "POST /login HTTP/1.1" 200 -
2025-02-20 21:30:45,985 - INFO - 127.0.0.1 - - [20/Feb/2025 21:30:45] "[33mGET /static/js/bootstrap/scripts.js HTTP/1.1[0m" 404 -
2025-02-20 21:30:45,987 - INFO - 127.0.0.1 - - [20/Feb/2025 21:30:45] "[33mGET /static/js/datatables-demo.js HTTP/1.1[0m" 404 -
2025-02-20 21:30:45,989 - INFO - 127.0.0.1 - - [20/Feb/2025 21:30:45] "[33mGET /static/js/script.js HTTP/1.1[0m" 404 -
2025-02-20 21:30:45,991 - INFO - 127.0.0.1 - - [20/Feb/2025 21:30:45] "[36mGET /static/css/bootstrap/styles.css HTTP/1.1[0m" 304 -
2025-02-20 21:30:53,599 - INFO - Successfully selected data from konghin.stock.
2025-02-20 21:30:53,599 - INFO - Query: SELECT * FROM "konghin"."stock"
2025-02-20 21:30:53,599 - INFO - 127.0.0.1 - - [20/Feb/2025 21:30:53] "POST /process-barcode-data HTTP/1.1" 200 -
2025-02-20 21:51:37,932 - INFO -  * Detected change in 'C:\\Users\\keong\\Desktop\\IMTools\\IMtool\\IMtool app\\website\\app.py', reloading
2025-02-20 21:51:37,998 - INFO -  * Restarting with stat
2025-02-20 21:51:38,774 - WARNING -  * Debugger is active!
2025-02-20 21:51:38,778 - INFO -  * Debugger PIN: 310-690-463
2025-02-20 21:51:48,024 - INFO - Successfully updated data in konghin.stock.
2025-02-20 21:51:48,024 - INFO - Query: UPDATE "konghin"."stock" SET "stk_printed" = %s, "stk_last_update" = %s WHERE stk_id in ('STK_100004', 'STK_100021', 'STK_100046', 'STK_100134')
2025-02-20 21:51:48,024 - INFO - Values: ['1', '2025-02-20 21:51:47']
2025-02-20 21:51:48,065 - INFO - Successfully selected data from konghin.stock.
2025-02-20 21:51:48,065 - INFO - Query: SELECT * FROM "konghin"."stock"
2025-02-20 21:51:48,065 - INFO - 127.0.0.1 - - [20/Feb/2025 21:51:48] "POST /process-barcode-data HTTP/1.1" 200 -
2025-02-20 21:51:58,148 - INFO - Successfully updated data in konghin.stock.
2025-02-20 21:51:58,148 - INFO - Query: UPDATE "konghin"."stock" SET "stk_printed" = %s, "stk_last_update" = %s WHERE stk_id in ('STK_100004', 'STK_100021', 'STK_100046', 'STK_100134')
2025-02-20 21:51:58,148 - INFO - Values: ['1', '2025-02-20 21:51:58']
2025-02-20 21:51:58,181 - INFO - Successfully selected data from konghin.stock.
2025-02-20 21:51:58,181 - INFO - Query: SELECT * FROM "konghin"."stock"
2025-02-20 21:51:58,181 - INFO - 127.0.0.1 - - [20/Feb/2025 21:51:58] "POST /process-barcode-data HTTP/1.1" 200 -
2025-02-20 22:23:02,613 - INFO -  * Detected change in 'C:\\Users\\keong\\Desktop\\IMTools\\IMtool\\IMtool app\\website\\app.py', reloading
2025-02-20 22:23:02,687 - INFO -  * Restarting with stat
2025-02-20 22:23:03,566 - WARNING -  * Debugger is active!
2025-02-20 22:23:03,569 - INFO -  * Debugger PIN: 310-690-463
2025-02-20 22:23:06,812 - ERROR - Query: SELECT "stk_id", "stk_barcode", "stk_weight", "COALESCE(stk_length , stk_size) AS stk_length_size", "stk_returned", "slm.slm_name", "to_char(stk_pur_date,'MMYY') as stk_pur_monthYear" FROM "konghin"."stock stk left join purchase p on stk.stk_pur_id = p.pur_id left join salesman slm on p.pur_slm_id = slm.slm_id" WHERE stk_id in ({stk_id})
2025-02-20 22:23:06,812 - ERROR - Database error: 42601 - ERROR:  at or near "{": syntax error
DETAIL:  source SQL:
SELECT "stk_id", "stk_barcode", "stk_weight", "COALESCE(stk_length , stk_size) AS stk_length_size", "stk_returned", "slm.slm_name", "to_char(stk_pur_date,'MMYY') as stk_pur_monthYear" FROM "konghin"."stock stk left join purchase p on stk.stk_pur_id = p.pur_id left join salesman slm on p.pur_slm_id = slm.slm_id" WHERE stk_id in ({stk_id})
                                                                                                                                                                                                                                                                                                                                          ^

2025-02-20 22:23:06,812 - ERROR - Error details: source SQL:
SELECT "stk_id", "stk_barcode", "stk_weight", "COALESCE(stk_length , stk_size) AS stk_length_size", "stk_returned", "slm.slm_name", "to_char(stk_pur_date,'MMYY') as stk_pur_monthYear" FROM "konghin"."stock stk left join purchase p on stk.stk_pur_id = p.pur_id left join salesman slm on p.pur_slm_id = slm.slm_id" WHERE stk_id in ({stk_id})
                                                                                                                                                                                                                                                                                                                                          ^
2025-02-20 22:23:06,812 - INFO - 127.0.0.1 - - [20/Feb/2025 22:23:06] "[35m[1mPOST /process-barcode-data HTTP/1.1[0m" 500 -
2025-02-20 22:24:35,451 - INFO -  * Detected change in 'C:\\Users\\keong\\Desktop\\IMTools\\IMtool\\IMtool app\\website\\app.py', reloading
2025-02-20 22:24:35,520 - INFO -  * Restarting with stat
2025-02-20 22:24:36,362 - WARNING -  * Debugger is active!
2025-02-20 22:24:36,362 - INFO -  * Debugger PIN: 310-690-463
2025-02-20 22:24:36,714 - ERROR - Query: SELECT "stk_id", "stk_barcode", "stk_weight", "COALESCE(stk_length , stk_size) AS stk_length_size", "stk_returned", "slm.slm_name", "to_char(stk_pur_date,'MMYY') as stk_pur_monthYear" FROM "konghin"."stock stk left join purchase p on stk.stk_pur_id = p.pur_id left join salesman slm on p.pur_slm_id = slm.slm_id" WHERE stk_id in ('STK_100004', 'STK_100021', 'STK_100046', 'STK_100134')
2025-02-20 22:24:36,714 - ERROR - Database error: 42P01 - ERROR:  relation "konghin.stock stk left join purchase p on stk.stk_pur_id = p.pur_id left join salesman slm on p.pur_slm_id = slm.slm_id" does not exist

2025-02-20 22:24:36,714 - ERROR - Error details: None
2025-02-20 22:24:36,714 - ERROR - Query: UPDATE "konghin"."stock" SET "stk_printed" = %s, "stk_last_update" = %s WHERE stk_id in ('STK_100004', 'STK_100021', 'STK_100046', 'STK_100134')
2025-02-20 22:24:36,714 - ERROR - Database error: 25P02 - ERROR:  current transaction is aborted, commands ignored until end of transaction block

2025-02-20 22:24:36,714 - ERROR - Error details: None
2025-02-20 22:24:36,768 - INFO - Successfully selected data from konghin.stock.
2025-02-20 22:24:36,768 - INFO - Query: SELECT * FROM "konghin"."stock"
2025-02-20 22:24:36,769 - INFO - 127.0.0.1 - - [20/Feb/2025 22:24:36] "POST /process-barcode-data HTTP/1.1" 200 -
2025-02-20 22:26:38,598 - INFO -  * Detected change in 'C:\\Users\\keong\\Desktop\\IMTools\\IMtool\\IMtool app\\website\\app.py', reloading
2025-02-20 22:26:38,669 - INFO -  * Restarting with stat
2025-02-20 22:26:39,497 - WARNING -  * Debugger is active!
2025-02-20 22:26:39,501 - INFO -  * Debugger PIN: 310-690-463
2025-02-20 22:26:40,146 - ERROR - Query: SELECT "stk_id", "stk_barcode", "stk_weight", "COALESCE(stk_length , stk_size) AS stk_length_size", "stk_returned", "slm.slm_name", "to_char(stk_pur_date,'MMYY') as stk_pur_monthYear" FROM "konghin"."stock stk left join konghin.purchase p on stk.stk_pur_id = p.pur_id left join konghin.salesman slm on p.pur_slm_id = slm.slm_id" WHERE stk_id in ('STK_100004', 'STK_100021', 'STK_100046', 'STK_100134')
2025-02-20 22:26:40,146 - ERROR - Database error: 42P01 - ERROR:  relation "konghin.stock stk left join konghin.purchase p on stk.stk_pur_id = p.pur_id left join konghin.salesman slm on p.pur_slm_id = slm.slm_id" does not exist

2025-02-20 22:26:40,146 - ERROR - Error details: None
2025-02-20 22:26:40,146 - ERROR - Query: UPDATE "konghin"."stock" SET "stk_printed" = %s, "stk_last_update" = %s WHERE stk_id in ('STK_100004', 'STK_100021', 'STK_100046', 'STK_100134')
2025-02-20 22:26:40,161 - ERROR - Database error: 25P02 - ERROR:  current transaction is aborted, commands ignored until end of transaction block

2025-02-20 22:26:40,161 - ERROR - Error details: None
2025-02-20 22:26:40,249 - INFO - Successfully selected data from konghin.stock.
2025-02-20 22:26:40,249 - INFO - Query: SELECT * FROM "konghin"."stock"
2025-02-20 22:26:40,250 - INFO - 127.0.0.1 - - [20/Feb/2025 22:26:40] "POST /process-barcode-data HTTP/1.1" 200 -
2025-02-20 22:34:11,015 - INFO -  * Detected change in 'C:\\Users\\keong\\Desktop\\IMTools\\IMtool\\IMtool app\\website\\app.py', reloading
2025-02-20 22:34:11,077 - INFO -  * Restarting with stat
2025-02-20 22:34:11,905 - WARNING -  * Debugger is active!
2025-02-20 22:34:11,921 - INFO -  * Debugger PIN: 310-690-463
2025-02-20 22:34:13,798 - INFO - 127.0.0.1 - - [20/Feb/2025 22:34:13] "[35m[1mPOST /process-barcode-data HTTP/1.1[0m" 500 -
2025-02-20 22:39:24,897 - INFO -  * Detected change in 'C:\\Users\\keong\\Desktop\\IMTools\\IMtool\\IMtool app\\website\\app.py', reloading
2025-02-20 22:39:24,952 - INFO -  * Restarting with stat
2025-02-20 22:39:25,688 - WARNING -  * Debugger is active!
2025-02-20 22:39:25,692 - INFO -  * Debugger PIN: 310-690-463
2025-02-20 22:39:29,538 - ERROR - Query: SELECT "stk_id", "stk_barcode", "stk_weight", "COALESCE(stk_length , stk_size) AS stk_length_size", "stk_returned", "slm.slm_name", "to_char(stk_pur_date,'MMYY') as stk_pur_monthYear" FROM "konghin"."stock stk LEFT JOIN purchase p ON stk.stk_pur_id = p.pur_id LEFT JOIN salesman slm ON p.pur_slm_id = slm.slm_id" WHERE stk_id in ('STK_100004', 'STK_100021', 'STK_100046', 'STK_100134')
2025-02-20 22:39:29,538 - ERROR - Database error: 42P01 - ERROR:  relation "konghin.stock stk LEFT JOIN purchase p ON stk.stk_pur_id = p.pur_id LEFT JOIN salesman slm ON p.pur_slm_id = slm.slm_id" does not exist

2025-02-20 22:39:29,538 - ERROR - Error details: None
2025-02-20 22:39:29,554 - ERROR - Query: UPDATE "konghin"."stock" SET "stk_printed" = %s, "stk_last_update" = %s WHERE stk_id in ('STK_100004', 'STK_100021', 'STK_100046', 'STK_100134')
2025-02-20 22:39:29,554 - ERROR - Database error: 25P02 - ERROR:  current transaction is aborted, commands ignored until end of transaction block

2025-02-20 22:39:29,554 - ERROR - Error details: None
2025-02-20 22:39:29,608 - INFO - Successfully selected data from konghin.stock.
2025-02-20 22:39:29,608 - INFO - Query: SELECT * FROM "konghin"."stock"
2025-02-20 22:39:29,610 - INFO - 127.0.0.1 - - [20/Feb/2025 22:39:29] "POST /process-barcode-data HTTP/1.1" 200 -
2025-02-20 22:41:37,062 - INFO -  * Detected change in 'C:\\Users\\keong\\Desktop\\IMTools\\IMtool\\IMtool app\\website\\app.py', reloading
2025-02-20 22:41:37,127 - INFO -  * Restarting with stat
2025-02-20 22:41:37,887 - WARNING -  * Debugger is active!
2025-02-20 22:41:37,890 - INFO -  * Debugger PIN: 310-690-463
2025-02-20 22:41:39,112 - ERROR - Query: SELECT "*" FROM "konghin"."(SELECT stk.stk_id, stk.stk_barcode, stk.stk_weight, COALESCE(stk.stk_length, stk.stk_size) AS stk_length_size, stk.stk_returned, slm.slm_name, TO_CHAR(stk.stk_pur_date, 'MMYY') AS stk_pur_monthYear FROM konghin.stock stk LEFT JOIN konghin.purchase p ON stk.stk_pur_id = p.pur_id LEFT JOIN konghin.salesman slm ON p.pur_slm_id = slm.slm_id) AS subquery" WHERE stk_id IN (%s, %s, %s, %s, %s, %s, %s, %s, %s, %s, %s, %s, %s, %s, %s, %s, %s, %s, %s, %s, %s, %s, %s, %s, %s, %s, %s, %s, %s, %s, %s, %s, %s, %s, %s, %s, %s, %s, %s, %s, %s, %s, %s, %s, %s, %s, %s, %s, %s, %s, %s, %s, %s, %s)
2025-02-20 22:41:39,112 - ERROR - Database error: 42601 - ERROR:  at or near "%": syntax error
DETAIL:  source SQL:
SELECT "*" FROM "konghin"."(SELECT stk.stk_id, stk.stk_barcode, stk.stk_weight, COALESCE(stk.stk_length, stk.stk_size) AS stk_length_size, stk.stk_returned, slm.slm_name, TO_CHAR(stk.stk_pur_date, 'MMYY') AS stk_pur_monthYear FROM konghin.stock stk LEFT JOIN konghin.purchase p ON stk.stk_pur_id = p.pur_id LEFT JOIN konghin.salesman slm ON p.pur_slm_id = slm.slm_id) AS subquery" WHERE stk_id IN (%s, %s, %s, %s, %s, %s, %s, %s, %s, %s, %s, %s, %s, %s, %s, %s, %s, %s, %s, %s, %s, %s, %s, %s, %s, %s, %s, %s, %s, %s, %s, %s, %s, %s, %s, %s, %s, %s, %s, %s, %s, %s, %s, %s, %s, %s, %s, %s, %s, %s, %s, %s, %s, %s)
                                                                                                                                                                                                                                                                                                                                                                                                              ^

2025-02-20 22:41:39,112 - ERROR - Error details: source SQL:
SELECT "*" FROM "konghin"."(SELECT stk.stk_id, stk.stk_barcode, stk.stk_weight, COALESCE(stk.stk_length, stk.stk_size) AS stk_length_size, stk.stk_returned, slm.slm_name, TO_CHAR(stk.stk_pur_date, 'MMYY') AS stk_pur_monthYear FROM konghin.stock stk LEFT JOIN konghin.purchase p ON stk.stk_pur_id = p.pur_id LEFT JOIN konghin.salesman slm ON p.pur_slm_id = slm.slm_id) AS subquery" WHERE stk_id IN (%s, %s, %s, %s, %s, %s, %s, %s, %s, %s, %s, %s, %s, %s, %s, %s, %s, %s, %s, %s, %s, %s, %s, %s, %s, %s, %s, %s, %s, %s, %s, %s, %s, %s, %s, %s, %s, %s, %s, %s, %s, %s, %s, %s, %s, %s, %s, %s, %s, %s, %s, %s, %s, %s)
                                                                                                                                                                                                                                                                                                                                                                                                              ^
2025-02-20 22:41:39,165 - ERROR - Query: UPDATE "konghin"."stock" SET "stk_printed" = %s, "stk_last_update" = %s WHERE stk_id in ('STK_100004', 'STK_100021', 'STK_100046', 'STK_100134')
2025-02-20 22:41:39,166 - ERROR - Database error: 25P02 - ERROR:  current transaction is aborted, commands ignored until end of transaction block

2025-02-20 22:41:39,166 - ERROR - Error details: None
2025-02-20 22:41:39,208 - INFO - Successfully selected data from konghin.stock.
2025-02-20 22:41:39,208 - INFO - Query: SELECT * FROM "konghin"."stock"
2025-02-20 22:41:39,209 - INFO - 127.0.0.1 - - [20/Feb/2025 22:41:39] "POST /process-barcode-data HTTP/1.1" 200 -
2025-02-20 22:42:39,481 - INFO -  * Detected change in 'C:\\Users\\keong\\Desktop\\IMTools\\IMtool\\IMtool app\\website\\app.py', reloading
2025-02-20 22:42:39,546 - INFO -  * Restarting with stat
2025-02-20 22:42:40,306 - WARNING -  * Debugger is active!
2025-02-20 22:42:40,309 - INFO -  * Debugger PIN: 310-690-463
2025-02-20 22:42:44,342 - INFO -  * Detected change in 'C:\\Users\\keong\\Desktop\\IMTools\\IMtool\\IMtool app\\website\\app.py', reloading
2025-02-20 22:42:44,387 - INFO -  * Restarting with stat
2025-02-20 22:42:45,044 - WARNING -  * Debugger is active!
2025-02-20 22:42:45,044 - INFO -  * Debugger PIN: 310-690-463
2025-02-20 22:42:48,611 - ERROR - Query: SELECT "*" FROM "konghin"."(SELECT stk.stk_id, stk.stk_barcode, stk.stk_weight, COALESCE(stk.stk_length, stk.stk_size) AS stk_length_size, stk.stk_returned, slm.slm_name, TO_CHAR(stk.stk_pur_date, 'MMYY') AS stk_pur_monthYear FROM konghin.stock stk LEFT JOIN konghin.purchase p ON stk.stk_pur_id = p.pur_id LEFT JOIN konghin.salesman slm ON p.pur_slm_id = slm.slm_id) AS subquery" WHERE stk_id IN ('STK_100004', 'STK_100021', 'STK_100046', 'STK_100134')
2025-02-20 22:42:48,611 - ERROR - Database error: 42P01 - ERROR:  relation "konghin.(SELECT stk.stk_id, stk.stk_barcode, stk.stk_weight, COALESCE(stk.stk_length, stk.stk_size) AS stk_length_size, stk.stk_returned, slm.slm_name, TO_CHAR(stk.stk_pur_date, 'MMYY') AS stk_pur_monthYear FROM konghin.stock stk LEFT JOIN konghin.purchase p ON stk.stk_pur_id = p.pur_id LEFT JOIN konghin.salesman slm ON p.pur_slm_id = slm.slm_id) AS subquery" does not exist

2025-02-20 22:42:48,611 - ERROR - Error details: None
2025-02-20 22:42:48,611 - ERROR - Query: UPDATE "konghin"."stock" SET "stk_printed" = %s, "stk_last_update" = %s WHERE stk_id in ('STK_100004', 'STK_100021', 'STK_100046', 'STK_100134')
2025-02-20 22:42:48,611 - ERROR - Database error: 25P02 - ERROR:  current transaction is aborted, commands ignored until end of transaction block

2025-02-20 22:42:48,611 - ERROR - Error details: None
2025-02-20 22:42:48,662 - INFO - Successfully selected data from konghin.stock.
2025-02-20 22:42:48,662 - INFO - Query: SELECT * FROM "konghin"."stock"
2025-02-20 22:42:48,663 - INFO - 127.0.0.1 - - [20/Feb/2025 22:42:48] "POST /process-barcode-data HTTP/1.1" 200 -
2025-02-20 22:43:41,562 - INFO -  * Detected change in 'C:\\Users\\keong\\Desktop\\IMTools\\IMtool\\IMtool app\\website\\models.py', reloading
2025-02-20 22:43:41,625 - INFO -  * Restarting with stat
2025-02-20 22:43:42,408 - WARNING -  * Debugger is active!
2025-02-20 22:43:42,408 - INFO -  * Debugger PIN: 310-690-463
2025-02-20 22:44:01,607 - INFO -  * Detected change in 'C:\\Users\\keong\\Desktop\\IMTools\\IMtool\\IMtool app\\website\\models.py', reloading
2025-02-20 22:44:01,686 - INFO -  * Restarting with stat
2025-02-20 22:44:02,420 - WARNING -  * Debugger is active!
2025-02-20 22:44:02,435 - INFO -  * Debugger PIN: 310-690-463
2025-02-20 22:44:54,964 - INFO -  * Detected change in 'C:\\Users\\keong\\Desktop\\IMTools\\IMtool\\IMtool app\\website\\app.py', reloading
2025-02-20 22:44:55,020 - INFO -  * Restarting with stat
2025-02-20 22:45:03,912 - INFO - [31m[1mWARNING: This is a development server. Do not use it in a production deployment. Use a production WSGI server instead.[0m
 * Running on http://127.0.0.1:5000
2025-02-20 22:45:03,912 - INFO - [33mPress CTRL+C to quit[0m
2025-02-20 22:45:03,912 - INFO -  * Restarting with stat
2025-02-20 22:45:04,615 - WARNING -  * Debugger is active!
2025-02-20 22:45:04,619 - INFO -  * Debugger PIN: 310-690-463
2025-02-20 22:45:05,632 - INFO -  * Detected change in 'C:\\Users\\keong\\Desktop\\IMTools\\IMtool\\IMtool app\\website\\app.py', reloading
2025-02-20 22:45:05,700 - INFO -  * Restarting with stat
2025-02-20 22:45:06,613 - WARNING -  * Debugger is active!
2025-02-20 22:45:06,613 - INFO -  * Debugger PIN: 310-690-463
2025-02-20 22:45:07,478 - INFO - Successfully executed query: 
        SELECT 
            stk.stk_id,
            stk.stk_barcode,
            stk.stk_weight,
            COALESCE(stk.stk_length, stk.stk_size) AS stk_length_size,
            stk.stk_returned,
            slm.slm_name,
            TO_CHAR(stk.stk_pur_date, 'MMYY') AS stk_pur_monthYear
        FROM konghin.stock stk
        LEFT JOIN konghin.purchase p ON stk.stk_pur_id = p.pur_id
        LEFT JOIN konghin.salesman slm ON p.pur_slm_id = slm.slm_id
        WHERE stk.stk_id IN ('STK_100004', 'STK_100021', 'STK_100046', 'STK_100134')
    
2025-02-20 22:45:07,510 - INFO - Successfully updated data in konghin.stock.
2025-02-20 22:45:07,510 - INFO - Query: UPDATE "konghin"."stock" SET "stk_printed" = %s, "stk_last_update" = %s WHERE stk_id in ('STK_100004', 'STK_100021', 'STK_100046', 'STK_100134')
2025-02-20 22:45:07,510 - INFO - Values: ['1', '2025-02-20 22:45:07']
2025-02-20 22:45:07,557 - INFO - Successfully selected data from konghin.stock.
2025-02-20 22:45:07,557 - INFO - Query: SELECT * FROM "konghin"."stock"
2025-02-20 22:45:07,573 - INFO - 127.0.0.1 - - [20/Feb/2025 22:45:07] "[35m[1mPOST /process-barcode-data HTTP/1.1[0m" 500 -
2025-02-20 22:45:42,196 - INFO - Successfully executed query: 
        SELECT 
            stk.stk_id,
            stk.stk_barcode,
            stk.stk_weight,
            COALESCE(stk.stk_length, stk.stk_size) AS stk_length_size,
            stk.stk_returned,
            slm.slm_name,
            TO_CHAR(stk.stk_pur_date, 'MMYY') AS stk_pur_monthYear
        FROM konghin.stock stk
        LEFT JOIN konghin.purchase p ON stk.stk_pur_id = p.pur_id
        LEFT JOIN konghin.salesman slm ON p.pur_slm_id = slm.slm_id
        WHERE stk.stk_id IN ('STK_100152')
    
2025-02-20 22:45:42,229 - INFO - Successfully updated data in konghin.stock.
2025-02-20 22:45:42,229 - INFO - Query: UPDATE "konghin"."stock" SET "stk_printed" = %s, "stk_last_update" = %s WHERE stk_id in ('STK_100152')
2025-02-20 22:45:42,229 - INFO - Values: ['1', '2025-02-20 22:45:42']
2025-02-20 22:45:42,271 - INFO - Successfully selected data from konghin.stock.
2025-02-20 22:45:42,272 - INFO - Query: SELECT * FROM "konghin"."stock"
2025-02-20 22:45:42,295 - INFO - 127.0.0.1 - - [20/Feb/2025 22:45:42] "[35m[1mPOST /process-barcode-data HTTP/1.1[0m" 500 -
2025-02-20 22:48:17,430 - INFO -  * Detected change in 'C:\\Users\\keong\\Desktop\\IMTools\\IMtool\\IMtool app\\website\\app.py', reloading
2025-02-20 22:48:17,513 - INFO -  * Restarting with stat
2025-02-20 22:48:18,363 - WARNING -  * Debugger is active!
2025-02-20 22:48:18,366 - INFO -  * Debugger PIN: 310-690-463
2025-02-20 22:48:20,962 - INFO - Successfully executed query: 
        SELECT 
            stk.stk_id,
            stk.stk_barcode,
            stk.stk_weight,
            COALESCE(stk.stk_length, stk.stk_size) AS stk_length_size,
            stk.stk_returned,
            slm.slm_name,
            TO_CHAR(stk.stk_pur_date, 'MMYY') AS stk_pur_monthYear
        FROM konghin.stock stk
        LEFT JOIN konghin.purchase p ON stk.stk_pur_id = p.pur_id
        LEFT JOIN konghin.salesman slm ON p.pur_slm_id = slm.slm_id
        WHERE stk.stk_id IN ('STK_100152')
    
2025-02-20 22:48:20,978 - INFO - Successfully updated data in konghin.stock.
2025-02-20 22:48:20,978 - INFO - Query: UPDATE "konghin"."stock" SET "stk_printed" = %s, "stk_last_update" = %s WHERE stk_id in ('STK_100152')
2025-02-20 22:48:20,978 - INFO - Values: ['1', '2025-02-20 22:48:20']
2025-02-20 22:48:21,024 - INFO - Successfully selected data from konghin.stock.
2025-02-20 22:48:21,024 - INFO - Query: SELECT * FROM "konghin"."stock"
2025-02-20 22:48:21,039 - INFO - 127.0.0.1 - - [20/Feb/2025 22:48:21] "[35m[1mPOST /process-barcode-data HTTP/1.1[0m" 500 -
2025-02-20 22:49:35,048 - INFO -  * Detected change in 'C:\\Users\\keong\\Desktop\\IMTools\\IMtool\\IMtool app\\website\\app.py', reloading
2025-02-20 22:49:35,104 - INFO -  * Restarting with stat
2025-02-20 22:49:36,046 - WARNING -  * Debugger is active!
2025-02-20 22:49:36,048 - INFO -  * Debugger PIN: 310-690-463
2025-02-20 22:49:39,728 - INFO - Successfully executed query: 
        SELECT 
            stk.stk_id,
            stk.stk_barcode,
            stk.stk_weight,
            COALESCE(stk.stk_length, stk.stk_size) AS stk_length_size,
            stk.stk_returned,
            slm.slm_name,
            TO_CHAR(stk.stk_pur_date, 'MMYY') AS stk_pur_monthYear
        FROM konghin.stock stk
        LEFT JOIN konghin.purchase p ON stk.stk_pur_id = p.pur_id
        LEFT JOIN konghin.salesman slm ON p.pur_slm_id = slm.slm_id
        WHERE stk.stk_id IN ('STK_100152')
    
2025-02-20 22:49:39,769 - INFO - Successfully updated data in konghin.stock.
2025-02-20 22:49:39,769 - INFO - Query: UPDATE "konghin"."stock" SET "stk_printed" = %s, "stk_last_update" = %s WHERE stk_id in ('STK_100152')
2025-02-20 22:49:39,769 - INFO - Values: ['1', '2025-02-20 22:49:39']
2025-02-20 22:49:39,820 - INFO - Successfully selected data from konghin.stock.
2025-02-20 22:49:39,820 - INFO - Query: SELECT * FROM "konghin"."stock"
2025-02-20 22:49:39,821 - INFO - 127.0.0.1 - - [20/Feb/2025 22:49:39] "POST /process-barcode-data HTTP/1.1" 200 -
2025-02-20 22:49:43,512 - INFO - Successfully executed query: 
        SELECT 
            stk.stk_id,
            stk.stk_barcode,
            stk.stk_weight,
            COALESCE(stk.stk_length, stk.stk_size) AS stk_length_size,
            stk.stk_returned,
            slm.slm_name,
            TO_CHAR(stk.stk_pur_date, 'MMYY') AS stk_pur_monthYear
        FROM konghin.stock stk
        LEFT JOIN konghin.purchase p ON stk.stk_pur_id = p.pur_id
        LEFT JOIN konghin.salesman slm ON p.pur_slm_id = slm.slm_id
        WHERE stk.stk_id IN ('STK_100152')
    
2025-02-20 22:49:43,545 - INFO - Successfully updated data in konghin.stock.
2025-02-20 22:49:43,545 - INFO - Query: UPDATE "konghin"."stock" SET "stk_printed" = %s, "stk_last_update" = %s WHERE stk_id in ('STK_100152')
2025-02-20 22:49:43,545 - INFO - Values: ['1', '2025-02-20 22:49:43']
2025-02-20 22:49:43,582 - INFO - Successfully selected data from konghin.stock.
2025-02-20 22:49:43,583 - INFO - Query: SELECT * FROM "konghin"."stock"
2025-02-20 22:49:43,584 - INFO - 127.0.0.1 - - [20/Feb/2025 22:49:43] "POST /process-barcode-data HTTP/1.1" 200 -
2025-02-20 22:50:05,528 - INFO - Successfully executed query: 
        SELECT 
            stk.stk_id,
            stk.stk_barcode,
            stk.stk_weight,
            COALESCE(stk.stk_length, stk.stk_size) AS stk_length_size,
            stk.stk_returned,
            slm.slm_name,
            TO_CHAR(stk.stk_pur_date, 'MMYY') AS stk_pur_monthYear
        FROM konghin.stock stk
        LEFT JOIN konghin.purchase p ON stk.stk_pur_id = p.pur_id
        LEFT JOIN konghin.salesman slm ON p.pur_slm_id = slm.slm_id
        WHERE stk.stk_id IN ('STK_100152')
    
2025-02-20 22:50:05,570 - INFO - Successfully updated data in konghin.stock.
2025-02-20 22:50:05,570 - INFO - Query: UPDATE "konghin"."stock" SET "stk_printed" = %s, "stk_last_update" = %s WHERE stk_id in ('STK_100152')
2025-02-20 22:50:05,570 - INFO - Values: ['1', '2025-02-20 22:50:05']
2025-02-20 22:50:05,601 - INFO - Successfully selected data from konghin.stock.
2025-02-20 22:50:05,601 - INFO - Query: SELECT * FROM "konghin"."stock"
2025-02-20 22:50:05,602 - INFO - 127.0.0.1 - - [20/Feb/2025 22:50:05] "POST /process-barcode-data HTTP/1.1" 200 -
2025-02-20 22:51:41,162 - INFO - Successfully executed query: 
        SELECT 
            stk.stk_id,
            stk.stk_barcode,
            stk.stk_weight,
            COALESCE(stk.stk_length, stk.stk_size) AS stk_length_size,
            stk.stk_returned,
            slm.slm_name,
            TO_CHAR(stk.stk_pur_date, 'MMYY') AS stk_pur_monthYear
        FROM konghin.stock stk
        LEFT JOIN konghin.purchase p ON stk.stk_pur_id = p.pur_id
        LEFT JOIN konghin.salesman slm ON p.pur_slm_id = slm.slm_id
        WHERE stk.stk_id IN ('STK_100152')
    
2025-02-20 22:51:41,203 - INFO - Successfully updated data in konghin.stock.
2025-02-20 22:51:41,203 - INFO - Query: UPDATE "konghin"."stock" SET "stk_printed" = %s, "stk_last_update" = %s WHERE stk_id in ('STK_100152')
2025-02-20 22:51:41,203 - INFO - Values: ['1', '2025-02-20 22:51:41']
2025-02-20 22:51:41,242 - INFO - Successfully selected data from konghin.stock.
2025-02-20 22:51:41,243 - INFO - Query: SELECT * FROM "konghin"."stock"
2025-02-20 22:51:41,244 - INFO - 127.0.0.1 - - [20/Feb/2025 22:51:41] "POST /process-barcode-data HTTP/1.1" 200 -
2025-02-20 22:53:08,810 - INFO - Successfully executed query: 
        SELECT 
            stk.stk_id,
            stk.stk_barcode,
            stk.stk_weight,
            COALESCE(stk.stk_length, stk.stk_size) AS stk_length_size,
            stk.stk_returned,
            slm.slm_name,
            TO_CHAR(stk.stk_pur_date, 'MMYY') AS stk_pur_monthYear
        FROM konghin.stock stk
        LEFT JOIN konghin.purchase p ON stk.stk_pur_id = p.pur_id
        LEFT JOIN konghin.salesman slm ON p.pur_slm_id = slm.slm_id
        WHERE stk.stk_id IN ('STK_100004')
    
2025-02-20 22:53:08,828 - INFO - Successfully updated data in konghin.stock.
2025-02-20 22:53:08,828 - INFO - Query: UPDATE "konghin"."stock" SET "stk_printed" = %s, "stk_last_update" = %s WHERE stk_id in ('STK_100004')
2025-02-20 22:53:08,828 - INFO - Values: ['1', '2025-02-20 22:53:08']
2025-02-20 22:53:08,861 - INFO - Successfully selected data from konghin.stock.
2025-02-20 22:53:08,861 - INFO - Query: SELECT * FROM "konghin"."stock"
2025-02-20 22:53:08,861 - INFO - 127.0.0.1 - - [20/Feb/2025 22:53:08] "POST /process-barcode-data HTTP/1.1" 200 -
2025-02-20 22:56:37,391 - INFO -  * Detected change in 'C:\\Users\\keong\\Desktop\\IMTools\\IMtool\\IMtool app\\website\\app.py', reloading
2025-02-20 22:56:37,442 - INFO -  * Restarting with stat
2025-02-20 22:56:38,185 - WARNING -  * Debugger is active!
2025-02-20 22:56:38,185 - INFO -  * Debugger PIN: 310-690-463
2025-02-20 22:56:49,495 - INFO - kjunqiang@gmail.com successfully login at 2025-02-20 22:56:49.495190
2025-02-20 22:56:49,528 - INFO - Successfully selected data from konghin.stock.
2025-02-20 22:56:49,528 - INFO - Query: SELECT * FROM "konghin"."stock"
2025-02-20 22:56:49,578 - INFO - 127.0.0.1 - - [20/Feb/2025 22:56:49] "POST /login HTTP/1.1" 200 -
2025-02-20 22:56:49,608 - INFO - 127.0.0.1 - - [20/Feb/2025 22:56:49] "[33mGET /static/js/bootstrap/scripts.js HTTP/1.1[0m" 404 -
2025-02-20 22:56:49,609 - INFO - 127.0.0.1 - - [20/Feb/2025 22:56:49] "[33mGET /static/js/datatables-demo.js HTTP/1.1[0m" 404 -
2025-02-20 22:56:49,610 - INFO - 127.0.0.1 - - [20/Feb/2025 22:56:49] "[33mGET /static/js/script.js HTTP/1.1[0m" 404 -
2025-02-20 22:56:49,676 - INFO - 127.0.0.1 - - [20/Feb/2025 22:56:49] "[36mGET /static/css/bootstrap/styles.css HTTP/1.1[0m" 304 -
2025-02-20 22:56:57,262 - INFO - Successfully executed query: 
        SELECT 
            stk.stk_id,
            stk.stk_barcode,
            stk.stk_weight,
            COALESCE(stk.stk_length, stk.stk_size) AS stk_length_size,
            stk.stk_returned,
            slm.slm_name,
            TO_CHAR(stk.stk_pur_date, 'MMYY') AS stk_pur_monthYear
        FROM konghin.stock stk
        LEFT JOIN konghin.purchase p ON stk.stk_pur_id = p.pur_id
        LEFT JOIN konghin.salesman slm ON p.pur_slm_id = slm.slm_id
        WHERE stk.stk_id IN ('STK_100004')
    
2025-02-20 22:56:57,293 - INFO - Successfully updated data in konghin.stock.
2025-02-20 22:56:57,293 - INFO - Query: UPDATE "konghin"."stock" SET "stk_printed" = %s, "stk_last_update" = %s WHERE stk_id in ('STK_100004')
2025-02-20 22:56:57,294 - INFO - Values: ['1', '2025-02-20 22:56:57']
2025-02-20 22:56:57,311 - INFO - Successfully selected data from konghin.stock.
2025-02-20 22:56:57,311 - INFO - Query: SELECT * FROM "konghin"."stock"
2025-02-20 22:56:57,311 - INFO - 127.0.0.1 - - [20/Feb/2025 22:56:57] "POST /process-barcode-data HTTP/1.1" 200 -
2025-02-20 22:57:31,691 - INFO -  * Detected change in 'C:\\Users\\keong\\Desktop\\IMTools\\IMtool\\IMtool app\\website\\app.py', reloading
2025-02-20 22:57:31,758 - INFO -  * Restarting with stat
2025-02-20 22:57:32,803 - WARNING -  * Debugger is active!
2025-02-20 22:57:32,819 - INFO -  * Debugger PIN: 310-690-463
2025-02-20 22:57:32,850 - INFO - Successfully executed query: 
        SELECT 
            stk.stk_id,
            stk.stk_barcode,
            stk.stk_weight,
            COALESCE(stk.stk_length, stk.stk_size) AS stk_length_size,
            stk.stk_returned,
            slm.slm_name,
            TO_CHAR(stk.stk_pur_date, 'MMYY') AS stk_pur_monthYear
        FROM konghin.stock stk
        LEFT JOIN konghin.purchase p ON stk.stk_pur_id = p.pur_id
        LEFT JOIN konghin.salesman slm ON p.pur_slm_id = slm.slm_id
        WHERE stk.stk_id IN ('STK_100004')
    
2025-02-20 22:57:32,865 - INFO - Successfully updated data in konghin.stock.
2025-02-20 22:57:32,865 - INFO - Query: UPDATE "konghin"."stock" SET "stk_printed" = %s, "stk_last_update" = %s WHERE stk_id in ('STK_100004')
2025-02-20 22:57:32,865 - INFO - Values: ['1', '2025-02-20 22:57:32']
2025-02-20 22:57:32,897 - INFO - Successfully selected data from konghin.stock.
2025-02-20 22:57:32,897 - INFO - Query: SELECT * FROM "konghin"."stock"
2025-02-20 22:57:32,897 - INFO - 127.0.0.1 - - [20/Feb/2025 22:57:32] "POST /process-barcode-data HTTP/1.1" 200 -
2025-02-20 22:59:08,278 - INFO - 127.0.0.1 - - [20/Feb/2025 22:59:08] "POST /your-endpoint HTTP/1.1" 200 -
2025-02-20 22:59:13,561 - INFO - Successfully executed query: 
        SELECT 
            stk.stk_id,
            stk.stk_barcode,
            stk.stk_weight,
            COALESCE(stk.stk_length, stk.stk_size) AS stk_length_size,
            stk.stk_returned,
            slm.slm_name,
            TO_CHAR(stk.stk_pur_date, 'MMYY') AS stk_pur_monthYear
        FROM konghin.stock stk
        LEFT JOIN konghin.purchase p ON stk.stk_pur_id = p.pur_id
        LEFT JOIN konghin.salesman slm ON p.pur_slm_id = slm.slm_id
        WHERE stk.stk_id IN ('STK_100004')
    
2025-02-20 22:59:13,594 - INFO - Successfully updated data in konghin.stock.
2025-02-20 22:59:13,594 - INFO - Query: UPDATE "konghin"."stock" SET "stk_printed" = %s, "stk_last_update" = %s WHERE stk_id in ('STK_100004')
2025-02-20 22:59:13,594 - INFO - Values: ['1', '2025-02-20 22:59:13']
2025-02-20 22:59:13,627 - INFO - Successfully selected data from konghin.stock.
2025-02-20 22:59:13,627 - INFO - Query: SELECT * FROM "konghin"."stock"
2025-02-20 22:59:13,627 - INFO - 127.0.0.1 - - [20/Feb/2025 22:59:13] "POST /process-barcode-data HTTP/1.1" 200 -
2025-02-20 22:59:52,705 - INFO - Successfully executed query: 
        SELECT 
            stk.stk_id,
            stk.stk_barcode,
            stk.stk_weight,
            COALESCE(stk.stk_length, stk.stk_size) AS stk_length_size,
            stk.stk_returned,
            slm.slm_name,
            TO_CHAR(stk.stk_pur_date, 'MMYY') AS stk_pur_monthYear
        FROM konghin.stock stk
        LEFT JOIN konghin.purchase p ON stk.stk_pur_id = p.pur_id
        LEFT JOIN konghin.salesman slm ON p.pur_slm_id = slm.slm_id
        WHERE stk.stk_id IN ('STK_100004')
    
2025-02-20 22:59:52,730 - INFO - Successfully updated data in konghin.stock.
2025-02-20 22:59:52,730 - INFO - Query: UPDATE "konghin"."stock" SET "stk_printed" = %s, "stk_last_update" = %s WHERE stk_id in ('STK_100004')
2025-02-20 22:59:52,730 - INFO - Values: ['1', '2025-02-20 22:59:52']
2025-02-20 22:59:52,754 - INFO - Successfully selected data from konghin.stock.
2025-02-20 22:59:52,755 - INFO - Query: SELECT * FROM "konghin"."stock"
2025-02-20 22:59:52,756 - INFO - 127.0.0.1 - - [20/Feb/2025 22:59:52] "POST /process-barcode-data HTTP/1.1" 200 -
2025-02-20 22:59:55,331 - INFO - kjunqiang@gmail.com successfully login at 2025-02-20 22:59:55.331144
2025-02-20 22:59:55,350 - INFO - Successfully selected data from konghin.stock.
2025-02-20 22:59:55,351 - INFO - Query: SELECT * FROM "konghin"."stock"
2025-02-20 22:59:55,411 - INFO - 127.0.0.1 - - [20/Feb/2025 22:59:55] "POST /login HTTP/1.1" 200 -
2025-02-20 22:59:55,435 - INFO - 127.0.0.1 - - [20/Feb/2025 22:59:55] "[33mGET /static/js/bootstrap/scripts.js HTTP/1.1[0m" 404 -
2025-02-20 22:59:55,436 - INFO - 127.0.0.1 - - [20/Feb/2025 22:59:55] "[33mGET /static/js/datatables-demo.js HTTP/1.1[0m" 404 -
2025-02-20 22:59:55,438 - INFO - 127.0.0.1 - - [20/Feb/2025 22:59:55] "[33mGET /static/js/script.js HTTP/1.1[0m" 404 -
2025-02-20 22:59:55,513 - INFO - 127.0.0.1 - - [20/Feb/2025 22:59:55] "[36mGET /static/css/bootstrap/styles.css HTTP/1.1[0m" 304 -
2025-02-20 23:00:00,861 - INFO - Successfully executed query: 
        SELECT 
            stk.stk_id,
            stk.stk_barcode,
            stk.stk_weight,
            COALESCE(stk.stk_length, stk.stk_size) AS stk_length_size,
            stk.stk_returned,
            slm.slm_name,
            TO_CHAR(stk.stk_pur_date, 'MMYY') AS stk_pur_monthYear
        FROM konghin.stock stk
        LEFT JOIN konghin.purchase p ON stk.stk_pur_id = p.pur_id
        LEFT JOIN konghin.salesman slm ON p.pur_slm_id = slm.slm_id
        WHERE stk.stk_id IN ('STK_100004')
    
2025-02-20 23:00:00,878 - INFO - Successfully updated data in konghin.stock.
2025-02-20 23:00:00,878 - INFO - Query: UPDATE "konghin"."stock" SET "stk_printed" = %s, "stk_last_update" = %s WHERE stk_id in ('STK_100004')
2025-02-20 23:00:00,878 - INFO - Values: ['1', '2025-02-20 23:00:00']
2025-02-20 23:00:00,911 - INFO - Successfully selected data from konghin.stock.
2025-02-20 23:00:00,911 - INFO - Query: SELECT * FROM "konghin"."stock"
2025-02-20 23:00:00,911 - INFO - 127.0.0.1 - - [20/Feb/2025 23:00:00] "POST /process-barcode-data HTTP/1.1" 200 -
2025-02-20 23:00:56,090 - INFO -  * Detected change in 'C:\\Users\\keong\\Desktop\\IMTools\\IMtool\\IMtool app\\website\\app.py', reloading
2025-02-20 23:00:56,157 - INFO -  * Restarting with stat
2025-02-20 23:00:57,193 - WARNING -  * Debugger is active!
2025-02-20 23:00:57,196 - INFO -  * Debugger PIN: 310-690-463
2025-02-20 23:00:57,544 - INFO - Successfully executed query: 
        SELECT 
            stk.stk_id,
            stk.stk_barcode,
            stk.stk_weight,
            COALESCE(stk.stk_length, stk.stk_size) AS stk_length_size,
            stk.stk_returned,
            slm.slm_name,
            TO_CHAR(stk.stk_pur_date, 'MMYY') AS stk_pur_monthYear
        FROM konghin.stock stk
        LEFT JOIN konghin.purchase p ON stk.stk_pur_id = p.pur_id
        LEFT JOIN konghin.salesman slm ON p.pur_slm_id = slm.slm_id
        WHERE stk.stk_id IN ('STK_100004')
    
2025-02-20 23:00:57,575 - INFO - Successfully updated data in konghin.stock.
2025-02-20 23:00:57,575 - INFO - Query: UPDATE "konghin"."stock" SET "stk_printed" = %s, "stk_last_update" = %s WHERE stk_id in ('STK_100004')
2025-02-20 23:00:57,575 - INFO - Values: ['1', '2025-02-20 23:00:57']
2025-02-20 23:00:57,591 - INFO - Successfully selected data from konghin.stock.
2025-02-20 23:00:57,591 - INFO - Query: SELECT * FROM "konghin"."stock"
2025-02-20 23:00:57,606 - INFO - 127.0.0.1 - - [20/Feb/2025 23:00:57] "POST /process-barcode-data HTTP/1.1" 200 -
2025-02-20 23:00:59,379 - INFO - kjunqiang@gmail.com successfully login at 2025-02-20 23:00:59.379625
2025-02-20 23:00:59,411 - INFO - Successfully selected data from konghin.stock.
2025-02-20 23:00:59,411 - INFO - Query: SELECT * FROM "konghin"."stock"
2025-02-20 23:00:59,411 - INFO - 127.0.0.1 - - [20/Feb/2025 23:00:59] "POST /login HTTP/1.1" 200 -
2025-02-20 23:00:59,447 - INFO - 127.0.0.1 - - [20/Feb/2025 23:00:59] "[33mGET /static/js/bootstrap/scripts.js HTTP/1.1[0m" 404 -
2025-02-20 23:00:59,449 - INFO - 127.0.0.1 - - [20/Feb/2025 23:00:59] "[33mGET /static/js/datatables-demo.js HTTP/1.1[0m" 404 -
2025-02-20 23:00:59,452 - INFO - 127.0.0.1 - - [20/Feb/2025 23:00:59] "[33mGET /static/js/script.js HTTP/1.1[0m" 404 -
2025-02-20 23:00:59,522 - INFO - 127.0.0.1 - - [20/Feb/2025 23:00:59] "[36mGET /static/css/bootstrap/styles.css HTTP/1.1[0m" 304 -
2025-02-20 23:01:02,976 - INFO - Successfully executed query: 
        SELECT 
            stk.stk_id,
            stk.stk_barcode,
            stk.stk_weight,
            COALESCE(stk.stk_length, stk.stk_size) AS stk_length_size,
            stk.stk_returned,
            slm.slm_name,
            TO_CHAR(stk.stk_pur_date, 'MMYY') AS stk_pur_monthYear
        FROM konghin.stock stk
        LEFT JOIN konghin.purchase p ON stk.stk_pur_id = p.pur_id
        LEFT JOIN konghin.salesman slm ON p.pur_slm_id = slm.slm_id
        WHERE stk.stk_id IN ('STK_100004')
    
2025-02-20 23:01:02,995 - INFO - Successfully updated data in konghin.stock.
2025-02-20 23:01:02,995 - INFO - Query: UPDATE "konghin"."stock" SET "stk_printed" = %s, "stk_last_update" = %s WHERE stk_id in ('STK_100004')
2025-02-20 23:01:02,995 - INFO - Values: ['1', '2025-02-20 23:01:02']
2025-02-20 23:01:03,011 - INFO - Successfully selected data from konghin.stock.
2025-02-20 23:01:03,011 - INFO - Query: SELECT * FROM "konghin"."stock"
2025-02-20 23:01:03,026 - INFO - 127.0.0.1 - - [20/Feb/2025 23:01:03] "POST /process-barcode-data HTTP/1.1" 200 -
2025-02-20 23:02:23,932 - INFO -  * Detected change in 'C:\\Users\\keong\\Desktop\\IMTools\\IMtool\\IMtool app\\website\\app.py', reloading
2025-02-20 23:02:23,998 - INFO -  * Restarting with stat
2025-02-20 23:02:24,751 - WARNING -  * Debugger is active!
2025-02-20 23:02:24,754 - INFO -  * Debugger PIN: 310-690-463
2025-02-20 23:02:26,130 - INFO - kjunqiang@gmail.com successfully login at 2025-02-20 23:02:26.130406
2025-02-20 23:02:26,162 - INFO - Successfully selected data from konghin.stock.
2025-02-20 23:02:26,164 - INFO - Query: SELECT * FROM "konghin"."stock"
2025-02-20 23:02:26,177 - INFO - 127.0.0.1 - - [20/Feb/2025 23:02:26] "POST /login HTTP/1.1" 200 -
2025-02-20 23:02:26,203 - INFO - 127.0.0.1 - - [20/Feb/2025 23:02:26] "[33mGET /static/js/bootstrap/scripts.js HTTP/1.1[0m" 404 -
2025-02-20 23:02:26,204 - INFO - 127.0.0.1 - - [20/Feb/2025 23:02:26] "[33mGET /static/js/datatables-demo.js HTTP/1.1[0m" 404 -
2025-02-20 23:02:26,206 - INFO - 127.0.0.1 - - [20/Feb/2025 23:02:26] "[33mGET /static/js/script.js HTTP/1.1[0m" 404 -
2025-02-20 23:02:26,272 - INFO - 127.0.0.1 - - [20/Feb/2025 23:02:26] "[36mGET /static/css/bootstrap/styles.css HTTP/1.1[0m" 304 -
2025-02-20 23:02:29,794 - INFO - Successfully executed query: 
        SELECT 
            stk.stk_id,
            stk.stk_barcode,
            stk.stk_weight,
            COALESCE(stk.stk_length, stk.stk_size) AS stk_length_size,
            stk.stk_returned,
            slm.slm_name,
            TO_CHAR(stk.stk_pur_date, 'MMYY') AS stk_pur_monthYear
        FROM konghin.stock stk
        LEFT JOIN konghin.purchase p ON stk.stk_pur_id = p.pur_id
        LEFT JOIN konghin.salesman slm ON p.pur_slm_id = slm.slm_id
        WHERE stk.stk_id IN ('No matching records found')
    
2025-02-20 23:02:29,828 - INFO - Successfully updated data in konghin.stock.
2025-02-20 23:02:29,828 - INFO - Query: UPDATE "konghin"."stock" SET "stk_printed" = %s, "stk_last_update" = %s WHERE stk_id in ('No matching records found')
2025-02-20 23:02:29,828 - INFO - Values: ['1', '2025-02-20 23:02:29']
2025-02-20 23:02:29,861 - INFO - Successfully selected data from konghin.stock.
2025-02-20 23:02:29,861 - INFO - Query: SELECT * FROM "konghin"."stock"
2025-02-20 23:02:29,861 - INFO - 127.0.0.1 - - [20/Feb/2025 23:02:29] "POST /process-barcode-data HTTP/1.1" 200 -
2025-02-20 23:03:00,097 - INFO -  * Detected change in 'C:\\Users\\keong\\Desktop\\IMTools\\IMtool\\IMtool app\\website\\app.py', reloading
2025-02-20 23:03:00,151 - INFO -  * Restarting with stat
2025-02-20 23:03:00,839 - WARNING -  * Debugger is active!
2025-02-20 23:03:00,839 - INFO -  * Debugger PIN: 310-690-463
2025-02-20 23:03:07,946 - INFO - kjunqiang@gmail.com successfully login at 2025-02-20 23:03:07.946257
2025-02-20 23:03:07,963 - INFO - Successfully selected data from konghin.stock.
2025-02-20 23:03:07,963 - INFO - Query: SELECT * FROM "konghin"."stock"
2025-02-20 23:03:07,980 - INFO - 127.0.0.1 - - [20/Feb/2025 23:03:07] "POST /login HTTP/1.1" 200 -
2025-02-20 23:03:08,010 - INFO - 127.0.0.1 - - [20/Feb/2025 23:03:08] "[33mGET /static/js/bootstrap/scripts.js HTTP/1.1[0m" 404 -
2025-02-20 23:03:08,010 - INFO - 127.0.0.1 - - [20/Feb/2025 23:03:08] "[33mGET /static/js/datatables-demo.js HTTP/1.1[0m" 404 -
2025-02-20 23:03:08,010 - INFO - 127.0.0.1 - - [20/Feb/2025 23:03:08] "[33mGET /static/js/script.js HTTP/1.1[0m" 404 -
2025-02-20 23:03:08,086 - INFO - 127.0.0.1 - - [20/Feb/2025 23:03:08] "[36mGET /static/css/bootstrap/styles.css HTTP/1.1[0m" 304 -
2025-02-20 23:03:11,595 - INFO - Successfully executed query: 
        SELECT 
            stk.stk_id,
            stk.stk_barcode,
            stk.stk_weight,
            COALESCE(stk.stk_length, stk.stk_size) AS stk_length_size,
            stk.stk_returned,
            slm.slm_name,
            TO_CHAR(stk.stk_pur_date, 'MMYY') AS stk_pur_monthYear
        FROM konghin.stock stk
        LEFT JOIN konghin.purchase p ON stk.stk_pur_id = p.pur_id
        LEFT JOIN konghin.salesman slm ON p.pur_slm_id = slm.slm_id
        WHERE stk.stk_id IN ('STK_100004')
    
2025-02-20 23:03:11,612 - INFO - Successfully updated data in konghin.stock.
2025-02-20 23:03:11,612 - INFO - Query: UPDATE "konghin"."stock" SET "stk_printed" = %s, "stk_last_update" = %s WHERE stk_id in ('STK_100004')
2025-02-20 23:03:11,612 - INFO - Values: ['1', '2025-02-20 23:03:11']
2025-02-20 23:03:11,644 - INFO - Successfully selected data from konghin.stock.
2025-02-20 23:03:11,644 - INFO - Query: SELECT * FROM "konghin"."stock"
2025-02-20 23:03:11,644 - INFO - 127.0.0.1 - - [20/Feb/2025 23:03:11] "POST /process-barcode-data HTTP/1.1" 200 -
2025-02-20 23:04:00,361 - INFO -  * Detected change in 'C:\\Users\\keong\\Desktop\\IMTools\\IMtool\\IMtool app\\website\\app.py', reloading
2025-02-20 23:04:00,442 - INFO -  * Restarting with stat
2025-02-20 23:04:01,139 - WARNING -  * Debugger is active!
2025-02-20 23:04:01,154 - INFO -  * Debugger PIN: 310-690-463
2025-02-20 23:04:03,872 - INFO - Successfully executed query: 
        SELECT 
            stk.stk_id,
            stk.stk_barcode,
            stk.stk_weight,
            COALESCE(stk.stk_length, stk.stk_size) AS stk_length_size,
            stk.stk_returned,
            slm.slm_name,
            TO_CHAR(stk.stk_pur_date, 'MMYY') AS stk_pur_monthYear
        FROM konghin.stock stk
        LEFT JOIN konghin.purchase p ON stk.stk_pur_id = p.pur_id
        LEFT JOIN konghin.salesman slm ON p.pur_slm_id = slm.slm_id
        WHERE stk.stk_id IN ('STK_100004')
    
2025-02-20 23:04:03,877 - INFO - Successfully updated data in konghin.stock.
2025-02-20 23:04:03,877 - INFO - Query: UPDATE "konghin"."stock" SET "stk_printed" = %s, "stk_last_update" = %s WHERE stk_id in ('STK_100004')
2025-02-20 23:04:03,877 - INFO - Values: ['1', '2025-02-20 23:04:03']
2025-02-20 23:04:03,910 - INFO - Successfully selected data from konghin.stock.
2025-02-20 23:04:03,910 - INFO - Query: SELECT * FROM "konghin"."stock"
2025-02-20 23:04:03,910 - INFO - 127.0.0.1 - - [20/Feb/2025 23:04:03] "POST /process-barcode-data HTTP/1.1" 200 -
2025-02-20 23:05:32,075 - INFO -  * Detected change in 'C:\\Users\\keong\\Desktop\\IMTools\\IMtool\\IMtool app\\website\\app.py', reloading
2025-02-20 23:05:32,138 - INFO -  * Restarting with stat
2025-02-20 23:05:32,909 - WARNING -  * Debugger is active!
2025-02-20 23:05:32,925 - INFO -  * Debugger PIN: 310-690-463
2025-02-20 23:05:41,781 - INFO - Successfully executed query: 
        SELECT 
            stk.stk_id,
            stk.stk_barcode,
            stk.stk_weight,
            COALESCE(stk.stk_length, stk.stk_size) AS stk_length_size,
            stk.stk_returned,
            slm.slm_name,
            TO_CHAR(stk.stk_pur_date, 'MMYY') AS stk_pur_monthYear
        FROM konghin.stock stk
        LEFT JOIN konghin.purchase p ON stk.stk_pur_id = p.pur_id
        LEFT JOIN konghin.salesman slm ON p.pur_slm_id = slm.slm_id
        WHERE stk.stk_id IN ('STK_100004')
    
2025-02-20 23:05:41,826 - INFO - Successfully updated data in konghin.stock.
2025-02-20 23:05:41,826 - INFO - Query: UPDATE "konghin"."stock" SET "stk_printed" = %s, "stk_last_update" = %s WHERE stk_id in ('STK_100004')
2025-02-20 23:05:41,827 - INFO - Values: ['1', '2025-02-20 23:05:41']
2025-02-20 23:05:41,861 - INFO - Successfully selected data from konghin.stock.
2025-02-20 23:05:41,861 - INFO - Query: SELECT * FROM "konghin"."stock"
2025-02-20 23:05:41,861 - INFO - 127.0.0.1 - - [20/Feb/2025 23:05:41] "POST /process-barcode-data HTTP/1.1" 200 -
2025-02-20 23:06:51,671 - INFO -  * Detected change in 'C:\\Users\\keong\\Desktop\\IMTools\\IMtool\\IMtool app\\website\\app.py', reloading
2025-02-20 23:06:51,723 - INFO -  * Restarting with stat
2025-02-20 23:06:52,513 - WARNING -  * Debugger is active!
2025-02-20 23:06:52,513 - INFO -  * Debugger PIN: 310-690-463
2025-02-20 23:07:09,680 - INFO -  * Detected change in 'C:\\Users\\keong\\Desktop\\IMTools\\IMtool\\IMtool app\\website\\app.py', reloading
2025-02-20 23:07:09,746 - INFO -  * Restarting with stat
2025-02-20 23:07:10,459 - WARNING -  * Debugger is active!
2025-02-20 23:07:10,460 - INFO -  * Debugger PIN: 310-690-463
2025-02-20 23:07:16,311 - INFO - Successfully executed query: 
        SELECT 
            stk.stk_id,
            stk.stk_barcode,
            stk.stk_weight,
            COALESCE(stk.stk_length, stk.stk_size) AS stk_length_size,
            stk.stk_returned,
            slm.slm_name,
            TO_CHAR(stk.stk_pur_date, 'MMYY') AS stk_pur_monthYear
        FROM konghin.stock stk
        LEFT JOIN konghin.purchase p ON stk.stk_pur_id = p.pur_id
        LEFT JOIN konghin.salesman slm ON p.pur_slm_id = slm.slm_id
        WHERE stk.stk_id IN ('STK_100004')
    
2025-02-20 23:07:16,328 - INFO - Successfully updated data in konghin.stock.
2025-02-20 23:07:16,328 - INFO - Query: UPDATE "konghin"."stock" SET "stk_printed" = %s, "stk_last_update" = %s WHERE stk_id in ('STK_100004')
2025-02-20 23:07:16,328 - INFO - Values: ['1', '2025-02-20 23:07:16']
2025-02-20 23:07:16,375 - INFO - Successfully selected data from konghin.stock.
2025-02-20 23:07:16,375 - INFO - Query: SELECT * FROM "konghin"."stock"
2025-02-20 23:07:16,375 - INFO - 127.0.0.1 - - [20/Feb/2025 23:07:16] "POST /process-barcode-data HTTP/1.1" 200 -
2025-02-20 23:07:43,796 - INFO -  * Detected change in 'C:\\Users\\keong\\Desktop\\IMTools\\IMtool\\IMtool app\\website\\app.py', reloading
2025-02-20 23:07:43,863 - INFO -  * Restarting with stat
2025-02-20 23:07:44,800 - WARNING -  * Debugger is active!
2025-02-20 23:07:44,800 - INFO -  * Debugger PIN: 310-690-463
2025-02-20 23:07:45,831 - INFO - kjunqiang@gmail.com successfully login at 2025-02-20 23:07:45.831047
2025-02-20 23:07:45,856 - INFO - Successfully selected data from konghin.stock.
2025-02-20 23:07:45,856 - INFO - Query: SELECT * FROM "konghin"."stock"
2025-02-20 23:07:45,871 - INFO - 127.0.0.1 - - [20/Feb/2025 23:07:45] "POST /login HTTP/1.1" 200 -
2025-02-20 23:07:45,897 - INFO - 127.0.0.1 - - [20/Feb/2025 23:07:45] "[33mGET /static/js/bootstrap/scripts.js HTTP/1.1[0m" 404 -
2025-02-20 23:07:45,898 - INFO - 127.0.0.1 - - [20/Feb/2025 23:07:45] "[33mGET /static/js/datatables-demo.js HTTP/1.1[0m" 404 -
2025-02-20 23:07:45,900 - INFO - 127.0.0.1 - - [20/Feb/2025 23:07:45] "[33mGET /static/js/script.js HTTP/1.1[0m" 404 -
2025-02-20 23:07:45,976 - INFO - 127.0.0.1 - - [20/Feb/2025 23:07:45] "[36mGET /static/css/bootstrap/styles.css HTTP/1.1[0m" 304 -
2025-02-20 23:07:52,711 - INFO - Successfully executed query: 
        SELECT 
            stk.stk_id,
            stk.stk_barcode,
            stk.stk_weight,
            COALESCE(stk.stk_length, stk.stk_size) AS stk_length_size,
            stk.stk_returned,
            slm.slm_name,
            TO_CHAR(stk.stk_pur_date, 'MMYY') AS stk_pur_monthYear
        FROM konghin.stock stk
        LEFT JOIN konghin.purchase p ON stk.stk_pur_id = p.pur_id
        LEFT JOIN konghin.salesman slm ON p.pur_slm_id = slm.slm_id
        WHERE stk.stk_id IN ('STK_100004')
    
2025-02-20 23:07:52,727 - INFO - Successfully updated data in konghin.stock.
2025-02-20 23:07:52,727 - INFO - Query: UPDATE "konghin"."stock" SET "stk_printed" = %s, "stk_last_update" = %s WHERE stk_id in ('STK_100004')
2025-02-20 23:07:52,727 - INFO - Values: ['1', '2025-02-20 23:07:52']
2025-02-20 23:07:52,777 - INFO - Successfully selected data from konghin.stock.
2025-02-20 23:07:52,777 - INFO - Query: SELECT * FROM "konghin"."stock"
2025-02-20 23:07:52,777 - INFO - 127.0.0.1 - - [20/Feb/2025 23:07:52] "POST /process-barcode-data HTTP/1.1" 200 -
2025-02-20 23:08:43,341 - INFO -  * Detected change in 'C:\\Users\\keong\\Desktop\\IMTools\\IMtool\\IMtool app\\website\\app.py', reloading
2025-02-20 23:08:43,404 - INFO -  * Restarting with stat
2025-02-20 23:08:44,239 - WARNING -  * Debugger is active!
2025-02-20 23:08:44,243 - INFO -  * Debugger PIN: 310-690-463
2025-02-20 23:08:47,613 - INFO - kjunqiang@gmail.com successfully login at 2025-02-20 23:08:47.613201
2025-02-20 23:08:47,644 - INFO - Successfully selected data from konghin.stock.
2025-02-20 23:08:47,645 - INFO - Query: SELECT * FROM "konghin"."stock"
2025-02-20 23:08:47,646 - INFO - 127.0.0.1 - - [20/Feb/2025 23:08:47] "POST /login HTTP/1.1" 200 -
2025-02-20 23:08:47,683 - INFO - 127.0.0.1 - - [20/Feb/2025 23:08:47] "[33mGET /static/js/bootstrap/scripts.js HTTP/1.1[0m" 404 -
2025-02-20 23:08:47,684 - INFO - 127.0.0.1 - - [20/Feb/2025 23:08:47] "[33mGET /static/js/datatables-demo.js HTTP/1.1[0m" 404 -
2025-02-20 23:08:47,686 - INFO - 127.0.0.1 - - [20/Feb/2025 23:08:47] "[33mGET /static/js/script.js HTTP/1.1[0m" 404 -
2025-02-20 23:08:47,755 - INFO - 127.0.0.1 - - [20/Feb/2025 23:08:47] "[36mGET /static/css/bootstrap/styles.css HTTP/1.1[0m" 304 -
2025-02-20 23:08:50,978 - INFO - Successfully executed query: 
        SELECT 
            stk.stk_id,
            stk.stk_barcode,
            stk.stk_weight,
            COALESCE(stk.stk_length, stk.stk_size) AS stk_length_size,
            stk.stk_returned,
            slm.slm_name,
            TO_CHAR(stk.stk_pur_date, 'MMYY') AS stk_pur_monthYear
        FROM konghin.stock stk
        LEFT JOIN konghin.purchase p ON stk.stk_pur_id = p.pur_id
        LEFT JOIN konghin.salesman slm ON p.pur_slm_id = slm.slm_id
        WHERE stk.stk_id IN ('STK_100004')
    
2025-02-20 23:08:51,011 - INFO - Successfully updated data in konghin.stock.
2025-02-20 23:08:51,011 - INFO - Query: UPDATE "konghin"."stock" SET "stk_printed" = %s, "stk_last_update" = %s WHERE stk_id in ('STK_100004')
2025-02-20 23:08:51,011 - INFO - Values: ['1', '2025-02-20 23:08:50']
2025-02-20 23:08:51,011 - INFO - 127.0.0.1 - - [20/Feb/2025 23:08:51] "POST /process-barcode-data HTTP/1.1" 200 -
2025-02-20 23:09:04,128 - INFO - Successfully executed query: 
        SELECT 
            stk.stk_id,
            stk.stk_barcode,
            stk.stk_weight,
            COALESCE(stk.stk_length, stk.stk_size) AS stk_length_size,
            stk.stk_returned,
            slm.slm_name,
            TO_CHAR(stk.stk_pur_date, 'MMYY') AS stk_pur_monthYear
        FROM konghin.stock stk
        LEFT JOIN konghin.purchase p ON stk.stk_pur_id = p.pur_id
        LEFT JOIN konghin.salesman slm ON p.pur_slm_id = slm.slm_id
        WHERE stk.stk_id IN ('STK_100005', 'STK_100022', 'STK_100047', 'STK_100135')
    
2025-02-20 23:09:04,145 - INFO - Successfully updated data in konghin.stock.
2025-02-20 23:09:04,145 - INFO - Query: UPDATE "konghin"."stock" SET "stk_printed" = %s, "stk_last_update" = %s WHERE stk_id in ('STK_100005', 'STK_100022', 'STK_100047', 'STK_100135')
2025-02-20 23:09:04,145 - INFO - Values: ['1', '2025-02-20 23:09:04']
2025-02-20 23:09:04,145 - INFO - 127.0.0.1 - - [20/Feb/2025 23:09:04] "POST /process-barcode-data HTTP/1.1" 200 -
2025-02-20 23:09:29,444 - INFO - Successfully executed query: 
        SELECT 
            stk.stk_id,
            stk.stk_barcode,
            stk.stk_weight,
            COALESCE(stk.stk_length, stk.stk_size) AS stk_length_size,
            stk.stk_returned,
            slm.slm_name,
            TO_CHAR(stk.stk_pur_date, 'MMYY') AS stk_pur_monthYear
        FROM konghin.stock stk
        LEFT JOIN konghin.purchase p ON stk.stk_pur_id = p.pur_id
        LEFT JOIN konghin.salesman slm ON p.pur_slm_id = slm.slm_id
        WHERE stk.stk_id IN ('STK_100005', 'STK_100022', 'STK_100047', 'STK_100135')
    
2025-02-20 23:09:29,461 - INFO - Successfully updated data in konghin.stock.
2025-02-20 23:09:29,461 - INFO - Query: UPDATE "konghin"."stock" SET "stk_printed" = %s, "stk_last_update" = %s WHERE stk_id in ('STK_100005', 'STK_100022', 'STK_100047', 'STK_100135')
2025-02-20 23:09:29,461 - INFO - Values: ['1', '2025-02-20 23:09:29']
2025-02-20 23:09:29,461 - INFO - 127.0.0.1 - - [20/Feb/2025 23:09:29] "POST /process-barcode-data HTTP/1.1" 200 -
2025-02-20 23:10:37,246 - INFO -  * Detected change in 'C:\\Users\\keong\\Desktop\\IMTools\\IMtool\\IMtool app\\website\\app.py', reloading
2025-02-20 23:10:37,301 - INFO -  * Restarting with stat
2025-02-20 23:10:38,125 - WARNING -  * Debugger is active!
2025-02-20 23:10:38,125 - INFO -  * Debugger PIN: 310-690-463
2025-02-20 23:10:57,290 - INFO -  * Detected change in 'C:\\Users\\keong\\Desktop\\IMTools\\IMtool\\IMtool app\\website\\app.py', reloading
2025-02-20 23:10:57,349 - INFO -  * Restarting with stat
2025-02-20 23:10:58,217 - WARNING -  * Debugger is active!
2025-02-20 23:10:58,221 - INFO -  * Debugger PIN: 310-690-463
2025-02-20 23:11:08,228 - INFO - Successfully executed query: 
        SELECT 
            stk.stk_id,
            stk.stk_barcode,
            stk.stk_weight,
            COALESCE(stk.stk_length, stk.stk_size) AS stk_length_size,
            stk.stk_returned,
            slm.slm_name,
            TO_CHAR(stk.stk_pur_date, 'MMYY') AS stk_pur_monthyear
        FROM konghin.stock stk
        LEFT JOIN konghin.purchase p ON stk.stk_pur_id = p.pur_id
        LEFT JOIN konghin.salesman slm ON p.pur_slm_id = slm.slm_id
        WHERE stk.stk_id IN ('STK_100005', 'STK_100022', 'STK_100047', 'STK_100135')
    
2025-02-20 23:11:08,260 - INFO - Successfully updated data in konghin.stock.
2025-02-20 23:11:08,260 - INFO - Query: UPDATE "konghin"."stock" SET "stk_printed" = %s, "stk_last_update" = %s WHERE stk_id in ('STK_100005', 'STK_100022', 'STK_100047', 'STK_100135')
2025-02-20 23:11:08,260 - INFO - Values: ['1', '2025-02-20 23:11:08']
2025-02-20 23:11:08,260 - INFO - 127.0.0.1 - - [20/Feb/2025 23:11:08] "POST /process-barcode-data HTTP/1.1" 200 -
2025-02-20 23:11:38,745 - INFO - kjunqiang@gmail.com successfully login at 2025-02-20 23:11:38.745324
2025-02-20 23:11:38,779 - INFO - Successfully selected data from konghin.stock.
2025-02-20 23:11:38,779 - INFO - Query: SELECT * FROM "konghin"."stock"
2025-02-20 23:11:38,825 - INFO - 127.0.0.1 - - [20/Feb/2025 23:11:38] "POST /login HTTP/1.1" 200 -
2025-02-20 23:11:38,859 - INFO - 127.0.0.1 - - [20/Feb/2025 23:11:38] "[33mGET /static/js/bootstrap/scripts.js HTTP/1.1[0m" 404 -
2025-02-20 23:11:38,859 - INFO - 127.0.0.1 - - [20/Feb/2025 23:11:38] "[33mGET /static/js/datatables-demo.js HTTP/1.1[0m" 404 -
2025-02-20 23:11:38,859 - INFO - 127.0.0.1 - - [20/Feb/2025 23:11:38] "[33mGET /static/js/script.js HTTP/1.1[0m" 404 -
2025-02-20 23:11:38,936 - INFO - 127.0.0.1 - - [20/Feb/2025 23:11:38] "[36mGET /static/css/bootstrap/styles.css HTTP/1.1[0m" 304 -
2025-02-20 23:11:49,911 - INFO - Successfully executed query: 
        SELECT 
            stk.stk_id,
            stk.stk_barcode,
            stk.stk_weight,
            COALESCE(stk.stk_length, stk.stk_size) AS stk_length_size,
            stk.stk_returned,
            slm.slm_name,
            TO_CHAR(stk.stk_pur_date, 'MMYY') AS stk_pur_monthyear
        FROM konghin.stock stk
        LEFT JOIN konghin.purchase p ON stk.stk_pur_id = p.pur_id
        LEFT JOIN konghin.salesman slm ON p.pur_slm_id = slm.slm_id
        WHERE stk.stk_id IN ('STK_100005', 'STK_100022', 'STK_100047', 'STK_100135')
    
2025-02-20 23:11:49,928 - INFO - Successfully updated data in konghin.stock.
2025-02-20 23:11:49,928 - INFO - Query: UPDATE "konghin"."stock" SET "stk_printed" = %s, "stk_last_update" = %s WHERE stk_id in ('STK_100005', 'STK_100022', 'STK_100047', 'STK_100135')
2025-02-20 23:11:49,928 - INFO - Values: ['1', '2025-02-20 23:11:49']
2025-02-20 23:11:49,928 - INFO - 127.0.0.1 - - [20/Feb/2025 23:11:49] "POST /process-barcode-data HTTP/1.1" 200 -
